Component: ARM Compiler 5.06 update 7 (build 960) Tool: armlink [4d3601]

==============================================================================

Section Cross References

    startup_stm32f407xx.o(STACK) refers (Special) to heapauxi.o(.text) for __use_two_region_memory
    startup_stm32f407xx.o(HEAP) refers (Special) to heapauxi.o(.text) for __use_two_region_memory
    startup_stm32f407xx.o(RESET) refers (Special) to heapauxi.o(.text) for __use_two_region_memory
    startup_stm32f407xx.o(RESET) refers to startup_stm32f407xx.o(STACK) for __initial_sp
    startup_stm32f407xx.o(RESET) refers to startup_stm32f407xx.o(.text) for Reset_Handler
    startup_stm32f407xx.o(RESET) refers to stm32f4xx_it.o(i.NMI_Handler) for NMI_Handler
    startup_stm32f407xx.o(RESET) refers to stm32f4xx_it.o(i.HardFault_Handler) for HardFault_Handler
    startup_stm32f407xx.o(RESET) refers to stm32f4xx_it.o(i.MemManage_Handler) for MemManage_Handler
    startup_stm32f407xx.o(RESET) refers to stm32f4xx_it.o(i.BusFault_Handler) for BusFault_Handler
    startup_stm32f407xx.o(RESET) refers to stm32f4xx_it.o(i.UsageFault_Handler) for UsageFault_Handler
    startup_stm32f407xx.o(RESET) refers to stm32f4xx_it.o(i.SVC_Handler) for SVC_Handler
    startup_stm32f407xx.o(RESET) refers to stm32f4xx_it.o(i.DebugMon_Handler) for DebugMon_Handler
    startup_stm32f407xx.o(RESET) refers to stm32f4xx_it.o(i.PendSV_Handler) for PendSV_Handler
    startup_stm32f407xx.o(RESET) refers to stm32f4xx_it.o(i.SysTick_Handler) for SysTick_Handler
    startup_stm32f407xx.o(RESET) refers to stm32f4xx_it.o(i.TIM1_TRG_COM_TIM11_IRQHandler) for TIM1_TRG_COM_TIM11_IRQHandler
    startup_stm32f407xx.o(RESET) refers to stm32f4xx_it.o(i.USART1_IRQHandler) for USART1_IRQHandler
    startup_stm32f407xx.o(RESET) refers to stm32f4xx_it.o(i.UART4_IRQHandler) for UART4_IRQHandler
    startup_stm32f407xx.o(RESET) refers to stm32f4xx_it.o(i.OTG_FS_IRQHandler) for OTG_FS_IRQHandler
    startup_stm32f407xx.o(RESET) refers to stm32f4xx_it.o(i.USART6_IRQHandler) for USART6_IRQHandler
    startup_stm32f407xx.o(.text) refers (Special) to heapauxi.o(.text) for __use_two_region_memory
    startup_stm32f407xx.o(.text) refers to system_stm32f4xx.o(i.SystemInit) for SystemInit
    startup_stm32f407xx.o(.text) refers to __main.o(!!!main) for __main
    startup_stm32f407xx.o(.text) refers to startup_stm32f407xx.o(HEAP) for Heap_Mem
    startup_stm32f407xx.o(.text) refers to startup_stm32f407xx.o(STACK) for Stack_Mem
    main.o(i.SystemClock_Config) refers to rt_memclr_w.o(.text) for __aeabi_memclr4
    main.o(i.SystemClock_Config) refers to stm32f4xx_hal_rcc.o(i.HAL_RCC_OscConfig) for HAL_RCC_OscConfig
    main.o(i.SystemClock_Config) refers to stm32f4xx_hal_rcc.o(i.HAL_RCC_ClockConfig) for HAL_RCC_ClockConfig
    main.o(i.main) refers to stm32f4xx_hal.o(i.HAL_Init) for HAL_Init
    main.o(i.main) refers to main.o(i.SystemClock_Config) for SystemClock_Config
    main.o(i.main) refers to gpio.o(i.MX_GPIO_Init) for MX_GPIO_Init
    main.o(i.main) refers to usb_device.o(i.MX_USB_DEVICE_Init) for MX_USB_DEVICE_Init
    main.o(i.main) refers to tim.o(i.MX_TIM14_Init) for MX_TIM14_Init
    main.o(i.main) refers to tim.o(i.MX_TIM13_Init) for MX_TIM13_Init
    main.o(i.main) refers to tim.o(i.MX_TIM12_Init) for MX_TIM12_Init
    main.o(i.main) refers to usart.o(i.MX_USART1_UART_Init) for MX_USART1_UART_Init
    main.o(i.main) refers to usart.o(i.MX_UART4_Init) for MX_UART4_Init
    main.o(i.main) refers to tim.o(i.MX_TIM11_Init) for MX_TIM11_Init
    main.o(i.main) refers to usart.o(i.MX_USART6_UART_Init) for MX_USART6_UART_Init
    main.o(i.main) refers to tim.o(i.MX_TIM2_Init) for MX_TIM2_Init
    main.o(i.main) refers to vision_control.o(i.VisionControl_Init) for VisionControl_Init
    main.o(i.main) refers to vision_debug_uart.o(i.VisionDebugUart_Init) for VisionDebugUart_Init
    main.o(i.main) refers to vision_control.o(i.VisionControl_Task) for VisionControl_Task
    main.o(i.main) refers to vision_debug_uart.o(i.VisionDebugUart_Task) for VisionDebugUart_Task
    tim.o(i.HAL_TIM_Base_MspDeInit) refers to stm32f4xx_hal_cortex.o(i.HAL_NVIC_DisableIRQ) for HAL_NVIC_DisableIRQ
    tim.o(i.HAL_TIM_Base_MspInit) refers to stm32f4xx_hal_cortex.o(i.HAL_NVIC_SetPriority) for HAL_NVIC_SetPriority
    tim.o(i.HAL_TIM_Base_MspInit) refers to stm32f4xx_hal_cortex.o(i.HAL_NVIC_EnableIRQ) for HAL_NVIC_EnableIRQ
    tim.o(i.HAL_TIM_MspPostInit) refers to rt_memclr_w.o(.text) for __aeabi_memclr4
    tim.o(i.HAL_TIM_MspPostInit) refers to stm32f4xx_hal_gpio.o(i.HAL_GPIO_Init) for HAL_GPIO_Init
    tim.o(i.MX_TIM11_Init) refers to stm32f4xx_hal_tim.o(i.HAL_TIM_Base_Init) for HAL_TIM_Base_Init
    tim.o(i.MX_TIM11_Init) refers to main.o(i.Error_Handler) for Error_Handler
    tim.o(i.MX_TIM11_Init) refers to tim.o(.bss) for .bss
    tim.o(i.MX_TIM12_Init) refers to rt_memclr_w.o(.text) for __aeabi_memclr4
    tim.o(i.MX_TIM12_Init) refers to stm32f4xx_hal_tim.o(i.HAL_TIM_PWM_Init) for HAL_TIM_PWM_Init
[...]
    TAMP_STAMP_IRQHandler                    0x08000297   Thumb Code     0  startup_stm32f407xx.o(.text)
    TIM1_BRK_TIM9_IRQHandler                 0x08000297   Thumb Code     0  startup_stm32f407xx.o(.text)
    TIM1_CC_IRQHandler                       0x08000297   Thumb Code     0  startup_stm32f407xx.o(.text)
    TIM1_UP_TIM10_IRQHandler                 0x08000297   Thumb Code     0  startup_stm32f407xx.o(.text)
    TIM2_IRQHandler                          0x08000297   Thumb Code     0  startup_stm32f407xx.o(.text)
    TIM3_IRQHandler                          0x08000297   Thumb Code     0  startup_stm32f407xx.o(.text)
    TIM4_IRQHandler                          0x08000297   Thumb Code     0  startup_stm32f407xx.o(.text)
    TIM5_IRQHandler                          0x08000297   Thumb Code     0  startup_stm32f407xx.o(.text)
    TIM6_DAC_IRQHandler                      0x08000297   Thumb Code     0  startup_stm32f407xx.o(.text)
    TIM7_IRQHandler                          0x08000297   Thumb Code     0  startup_stm32f407xx.o(.text)
    TIM8_BRK_TIM12_IRQHandler                0x08000297   Thumb Code     0  startup_stm32f407xx.o(.text)
    TIM8_CC_IRQHandler                       0x08000297   Thumb Code     0  startup_stm32f407xx.o(.text)
    TIM8_TRG_COM_TIM14_IRQHandler            0x08000297   Thumb Code     0  startup_stm32f407xx.o(.text)
    TIM8_UP_TIM13_IRQHandler                 0x08000297   Thumb Code     0  startup_stm32f407xx.o(.text)
    UART5_IRQHandler                         0x08000297   Thumb Code     0  startup_stm32f407xx.o(.text)
    USART2_IRQHandler                        0x08000297   Thumb Code     0  startup_stm32f407xx.o(.text)
    USART3_IRQHandler                        0x08000297   Thumb Code     0  startup_stm32f407xx.o(.text)
    WWDG_IRQHandler                          0x08000297   Thumb Code     0  startup_stm32f407xx.o(.text)
    __user_initial_stackheap                 0x08000299   Thumb Code     0  startup_stm32f407xx.o(.text)
    __aeabi_uldivmod                         0x080002bd   Thumb Code     0  lludivv7m.o(.text)
    _ll_udiv                                 0x080002bd   Thumb Code   238  lludivv7m.o(.text)
    __2snprintf                              0x080003ad   Thumb Code    50  __2snprintf.o(.text)
    _printf_str                              0x080003e5   Thumb Code    82  _printf_str.o(.text)
    _printf_int_dec                          0x08000439   Thumb Code   104  _printf_dec.o(.text)
    __printf                                 0x080004b1   Thumb Code   184  __printf_ss.o(.text)
    __aeabi_memcpy4                          0x08000569   Thumb Code     0  rt_memcpy_w.o(.text)
    __aeabi_memcpy8                          0x08000569   Thumb Code     0  rt_memcpy_w.o(.text)
    __rt_memcpy_w                            0x08000569   Thumb Code   100  rt_memcpy_w.o(.text)
    _memcpy_lastbytes_aligned                0x080005b1   Thumb Code     0  rt_memcpy_w.o(.text)
    __aeabi_memclr                           0x080005cd   Thumb Code     0  rt_memclr.o(.text)
    __rt_memclr                              0x080005cd   Thumb Code    68  rt_memclr.o(.text)
    _memset                                  0x080005d1   Thumb Code     0  rt_memclr.o(.text)
    __aeabi_memclr4                          0x08000611   Thumb Code     0  rt_memclr_w.o(.text)
    __aeabi_memclr8                          0x08000611   Thumb Code     0  rt_memclr_w.o(.text)
    __rt_memclr_w                            0x08000611   Thumb Code    78  rt_memclr_w.o(.text)
    _memset_w                                0x08000615   Thumb Code     0  rt_memclr_w.o(.text)
    __use_two_region_memory                  0x0800065f   Thumb Code     2  heapauxi.o(.text)
    __rt_heap_escrow$2region                 0x08000661   Thumb Code     2  heapauxi.o(.text)
    __rt_heap_expand$2region                 0x08000663   Thumb Code     2  heapauxi.o(.text)
    _printf_int_common                       0x08000665   Thumb Code   178  _printf_intcommon.o(.text)
    _printf_char_common                      0x08000723   Thumb Code    32  _printf_char_common.o(.text)
    _sputc                                   0x08000749   Thumb Code    10  _sputc.o(.text)
    _snputc                                  0x08000753   Thumb Code    16  _snputc.o(.text)
    _printf_cs_common                        0x08000763   Thumb Code    20  _printf_char.o(.text)
    _printf_char                             0x08000777   Thumb Code    16  _printf_char.o(.text)
    _printf_string                           0x08000787   Thumb Code     8  _printf_char.o(.text)
    __user_libspace                          0x08000791   Thumb Code     8  libspace.o(.text)
    __user_perproc_libspace                  0x08000791   Thumb Code     0  libspace.o(.text)
    __user_perthread_libspace                0x08000791   Thumb Code     0  libspace.o(.text)
    __user_setup_stackheap                   0x08000799   Thumb Code    74  sys_stackheap_outer.o(.text)
    exit                                     0x080007e3   Thumb Code    18  exit.o(.text)
    _sys_exit                                0x080007f5   Thumb Code     8  sys_exit.o(.text)
    __I$use$semihosting                      0x08000801   Thumb Code     0  use_no_semi.o(.text)
    __use_no_semihosting_swi                 0x08000801   Thumb Code     2  use_no_semi.o(.text)
    BSP_PWM_Init                             0x08000803   Thumb Code   140  bsp_pwm.o(i.BSP_PWM_Init)
    __semihosting_library_function           0x08000803   Thumb Code     0  indicate_semi.o(.text)
    BSP_PWM_Set                              0x0800088f   Thumb Code    58  bsp_pwm.o(i.BSP_PWM_Set)
    BSP_Servo_Init                           0x080008c9   Thumb Code    32  bsp_servo.o(i.BSP_Servo_Init)
    BSP_Servo_SetCompare                     0x080008f9   Thumb Code    32  bsp_servo.o(i.BSP_Servo_SetCompare)
    BSP_UART_GetTxStatus                     0x08000979   Thumb Code    40  bsp_uart.o(i.BSP_UART_GetTxStatus)
    BSP_UART_Init                            0x080009a1   Thumb Code     4  bsp_uart.o(i.BSP_UART_Init)
    BSP_UART_Transmit                        0x080009a5   Thumb Code    52  bsp_uart.o(i.BSP_UART_Transmit)
    BSP_USB_RxCallback                       0x080009d9   Thumb Code    90  bsp_usb.o(i.BSP_USB_RxCallback)
    BusFault_Handler                         0x08000a3d   Thumb Code     2  stm32f4xx_it.o(i.BusFault_Handler)
    ControlTick_Device_Init                  0x08000a95   Thumb Code    22  control_tick_device.o(i.ControlTick_Device_Init)
    DebugMon_Handler                         0x08000ab5   Thumb Code     2  stm32f4xx_it.o(i.DebugMon_Handler)
    Error_Handler                            0x08000ab7   Thumb Code     4  main.o(i.Error_Handler)
    HAL_DMA_Abort                            0x08000abb   Thumb Code   146  stm32f4xx_hal_dma.o(i.HAL_DMA_Abort)
    HAL_DMA_Abort_IT                         0x08000b4d   Thumb Code    36  stm32f4xx_hal_dma.o(i.HAL_DMA_Abort_IT)
    HAL_Delay                                0x08000b71   Thumb Code    32  stm32f4xx_hal.o(i.HAL_Delay)
    HAL_GPIO_Init                            0x08000b95   Thumb Code   450  stm32f4xx_hal_gpio.o(i.HAL_GPIO_Init)
    HAL_GetTick                              0x08000d85   Thumb Code     6  stm32f4xx_hal.o(i.HAL_GetTick)
    HAL_IncTick                              0x08000d91   Thumb Code    12  stm32f4xx_hal.o(i.HAL_IncTick)
    HAL_Init                                 0x08000da1   Thumb Code    48  stm32f4xx_hal.o(i.HAL_Init)
    HAL_InitTick                             0x08000dd5   Thumb Code    54  stm32f4xx_hal.o(i.HAL_InitTick)
    HAL_MspInit                              0x08000e15   Thumb Code    42  stm32f4xx_hal_msp.o(i.HAL_MspInit)
    HAL_NVIC_EnableIRQ                       0x08000e45   Thumb Code    26  stm32f4xx_hal_cortex.o(i.HAL_NVIC_EnableIRQ)
    HAL_NVIC_SetPriority                     0x08000e61   Thumb Code    60  stm32f4xx_hal_cortex.o(i.HAL_NVIC_SetPriority)
    HAL_NVIC_SetPriorityGrouping             0x08000ea1   Thumb Code    26  stm32f4xx_hal_cortex.o(i.HAL_NVIC_SetPriorityGrouping)
    HAL_PCDEx_LPM_Callback                   0x08000ec5   Thumb Code     2  stm32f4xx_hal_pcd_ex.o(i.HAL_PCDEx_LPM_Callback)
    HAL_PCDEx_SetRxFiFo                      0x08000ec7   Thumb Code     8  stm32f4xx_hal_pcd_ex.o(i.HAL_PCDEx_SetRxFiFo)
    HAL_PCDEx_SetTxFiFo                      0x08000ecf   Thumb Code    68  stm32f4xx_hal_pcd_ex.o(i.HAL_PCDEx_SetTxFiFo)
    HAL_PCD_ConnectCallback                  0x08000f13   Thumb Code     8  usbd_conf.o(i.HAL_PCD_ConnectCallback)
    HAL_PCD_DataInStageCallback              0x08000f1b   Thumb Code    18  usbd_conf.o(i.HAL_PCD_DataInStageCallback)
    HAL_PCD_DataOutStageCallback             0x08000f2d   Thumb Code    20  usbd_conf.o(i.HAL_PCD_DataOutStageCallback)
    HAL_PCD_DisconnectCallback               0x08000f41   Thumb Code     8  usbd_conf.o(i.HAL_PCD_DisconnectCallback)
    HAL_PCD_EP_Abort                         0x08000f49   Thumb Code    30  stm32f4xx_hal_pcd.o(i.HAL_PCD_EP_Abort)
    HAL_PCD_EP_Close                         0x08000f67   Thumb Code    74  stm32f4xx_hal_pcd.o(i.HAL_PCD_EP_Close)
    HAL_PCD_EP_ClrStall                      0x08000fb1   Thumb Code    90  stm32f4xx_hal_pcd.o(i.HAL_PCD_EP_ClrStall)
    HAL_PCD_EP_GetRxCount                    0x0800100b   Thumb Code    18  stm32f4xx_hal_pcd.o(i.HAL_PCD_EP_GetRxCount)
    HAL_PCD_EP_Open                          0x0800101d   Thumb Code    98  stm32f4xx_hal_pcd.o(i.HAL_PCD_EP_Open)
    HAL_PCD_EP_Receive                       0x0800107f   Thumb Code    56  stm32f4xx_hal_pcd.o(i.HAL_PCD_EP_Receive)
    HAL_PCD_EP_SetStall                      0x080010b7   Thumb Code   114  stm32f4xx_hal_pcd.o(i.HAL_PCD_EP_SetStall)
    HAL_PCD_EP_Transmit                      0x08001129   Thumb Code    50  stm32f4xx_hal_pcd.o(i.HAL_PCD_EP_Transmit)
    HAL_PCD_IRQHandler                       0x0800115d   Thumb Code  1372  stm32f4xx_hal_pcd.o(i.HAL_PCD_IRQHandler)
    HAL_PCD_ISOINIncompleteCallback          0x080016b9   Thumb Code     8  usbd_conf.o(i.HAL_PCD_ISOINIncompleteCallback)
    HAL_PCD_ISOOUTIncompleteCallback         0x080016c1   Thumb Code     8  usbd_conf.o(i.HAL_PCD_ISOOUTIncompleteCallback)
    HAL_PCD_Init                             0x080016c9   Thumb Code   204  stm32f4xx_hal_pcd.o(i.HAL_PCD_Init)
    HAL_PCD_MspInit                          0x08001795   Thumb Code   122  usbd_conf.o(i.HAL_PCD_MspInit)
    HAL_PCD_ResetCallback                    0x08001819   Thumb Code    44  usbd_conf.o(i.HAL_PCD_ResetCallback)
    HAL_PCD_ResumeCallback                   0x08001845   Thumb Code     8  usbd_conf.o(i.HAL_PCD_ResumeCallback)
    HAL_PCD_SOFCallback                      0x0800184d   Thumb Code     8  usbd_conf.o(i.HAL_PCD_SOFCallback)
    HAL_PCD_SetAddress                       0x08001855   Thumb Code    38  stm32f4xx_hal_pcd.o(i.HAL_PCD_SetAddress)
    HAL_PCD_SetupStageCallback               0x0800187b   Thumb Code    14  usbd_conf.o(i.HAL_PCD_SetupStageCallback)
    HAL_PCD_Start                            0x08001889   Thumb Code    66  stm32f4xx_hal_pcd.o(i.HAL_PCD_Start)
    HAL_PCD_SuspendCallback                  0x080018cd   Thumb Code    44  usbd_conf.o(i.HAL_PCD_SuspendCallback)
    HAL_RCC_ClockConfig                      0x080018fd   Thumb Code   288  stm32f4xx_hal_rcc.o(i.HAL_RCC_ClockConfig)
    HAL_RCC_GetHCLKFreq                      0x08001a31   Thumb Code     6  stm32f4xx_hal_rcc.o(i.HAL_RCC_GetHCLKFreq)
    HAL_RCC_GetPCLK1Freq                     0x08001a3d   Thumb Code    20  stm32f4xx_hal_rcc.o(i.HAL_RCC_GetPCLK1Freq)
    HAL_RCC_GetPCLK2Freq                     0x08001a5d   Thumb Code    20  stm32f4xx_hal_rcc.o(i.HAL_RCC_GetPCLK2Freq)
    HAL_RCC_GetSysClockFreq                  0x08001a7d   Thumb Code    88  stm32f4xx_hal_rcc.o(i.HAL_RCC_GetSysClockFreq)
    HAL_RCC_OscConfig                        0x08001add   Thumb Code   856  stm32f4xx_hal_rcc.o(i.HAL_RCC_OscConfig)
    HAL_SYSTICK_Config                       0x08001e49   Thumb Code    40  stm32f4xx_hal_cortex.o(i.HAL_SYSTICK_Config)
    HAL_TIMEx_BreakCallback                  0x08001e71   Thumb Code     2  stm32f4xx_hal_tim_ex.o(i.HAL_TIMEx_BreakCallback)
    HAL_TIMEx_CommutCallback                 0x08001e73   Thumb Code     2  stm32f4xx_hal_tim_ex.o(i.HAL_TIMEx_CommutCallback)
    HAL_TIMEx_MasterConfigSynchronization    0x08001e75   Thumb Code   116  stm32f4xx_hal_tim_ex.o(i.HAL_TIMEx_MasterConfigSynchronization)
    HAL_TIM_Base_Init                        0x08001f05   Thumb Code    90  stm32f4xx_hal_tim.o(i.HAL_TIM_Base_Init)
    HAL_TIM_Base_MspInit                     0x08001f61   Thumb Code    98  tim.o(i.HAL_TIM_Base_MspInit)
    HAL_TIM_Base_Start_IT                    0x08001fd5   Thumb Code   100  stm32f4xx_hal_tim.o(i.HAL_TIM_Base_Start_IT)
    HAL_TIM_GetChannelState                  0x08002055   Thumb Code    34  stm32f4xx_hal_tim.o(i.HAL_TIM_GetChannelState)
    HAL_TIM_IC_CaptureCallback               0x08002077   Thumb Code     2  stm32f4xx_hal_tim.o(i.HAL_TIM_IC_CaptureCallback)
    HAL_TIM_IRQHandler                       0x08002079   Thumb Code   304  stm32f4xx_hal_tim.o(i.HAL_TIM_IRQHandler)
    HAL_TIM_MspPostInit                      0x080021a9   Thumb Code   214  tim.o(i.HAL_TIM_MspPostInit)
    HAL_TIM_OC_DelayElapsedCallback          0x0800229d   Thumb Code     2  stm32f4xx_hal_tim.o(i.HAL_TIM_OC_DelayElapsedCallback)
    HAL_TIM_PWM_ConfigChannel                0x0800229f   Thumb Code   204  stm32f4xx_hal_tim.o(i.HAL_TIM_PWM_ConfigChannel)
    HAL_TIM_PWM_GetState                     0x0800236b   Thumb Code     6  stm32f4xx_hal_tim.o(i.HAL_TIM_PWM_GetState)
    HAL_TIM_PWM_Init                         0x08002371   Thumb Code    90  stm32f4xx_hal_tim.o(i.HAL_TIM_PWM_Init)
    HAL_TIM_PWM_MspInit                      0x080023cd   Thumb Code    52  tim.o(i.HAL_TIM_PWM_MspInit)
    HAL_TIM_PWM_PulseFinishedCallback        0x08002409   Thumb Code     2  stm32f4xx_hal_tim.o(i.HAL_TIM_PWM_PulseFinishedCallback)
    HAL_TIM_PWM_Start                        0x0800240d   Thumb Code   172  stm32f4xx_hal_tim.o(i.HAL_TIM_PWM_Start)
    HAL_TIM_PWM_Stop                         0x080024d5   Thumb Code   114  stm32f4xx_hal_tim.o(i.HAL_TIM_PWM_Stop)
    HAL_TIM_PeriodElapsedCallback            0x08002551   Thumb Code    24  control_tick_device.o(i.HAL_TIM_PeriodElapsedCallback)
    HAL_TIM_TriggerCallback                  0x08002571   Thumb Code     2  stm32f4xx_hal_tim.o(i.HAL_TIM_TriggerCallback)
    HAL_UARTEx_RxEventCallback               0x08002573   Thumb Code     2  stm32f4xx_hal_uart.o(i.HAL_UARTEx_RxEventCallback)
    HAL_UART_ErrorCallback                   0x08002575   Thumb Code    30  uart_device.o(i.HAL_UART_ErrorCallback)
    HAL_UART_IRQHandler                      0x0800259d   Thumb Code   636  stm32f4xx_hal_uart.o(i.HAL_UART_IRQHandler)
    HAL_UART_Init                            0x0800281d   Thumb Code   100  stm32f4xx_hal_uart.o(i.HAL_UART_Init)
    HAL_UART_MspInit                         0x08002881   Thumb Code   262  usart.o(i.HAL_UART_MspInit)
    HAL_UART_Receive_IT                      0x080029a1   Thumb Code    28  stm32f4xx_hal_uart.o(i.HAL_UART_Receive_IT)
    HAL_UART_RxCpltCallback                  0x080029bd   Thumb Code   116  uart_device.o(i.HAL_UART_RxCpltCallback)
    HAL_UART_Transmit                        0x08002a3d   Thumb Code   160  stm32f4xx_hal_uart.o(i.HAL_UART_Transmit)
    HAL_UART_TxCpltCallback                  0x08002add   Thumb Code     2  stm32f4xx_hal_uart.o(i.HAL_UART_TxCpltCallback)
    HardFault_Handler                        0x08002adf   Thumb Code     2  stm32f4xx_it.o(i.HardFault_Handler)
    MX_GPIO_Init                             0x08002b19   Thumb Code    86  gpio.o(i.MX_GPIO_Init)
    MX_TIM11_Init                            0x08002b75   Thumb Code    44  tim.o(i.MX_TIM11_Init)
    MX_TIM12_Init                            0x08002ba9   Thumb Code   104  tim.o(i.MX_TIM12_Init)
    MX_TIM13_Init                            0x08002c19   Thumb Code    94  tim.o(i.MX_TIM13_Init)
    MX_TIM14_Init                            0x08002c81   Thumb Code    94  tim.o(i.MX_TIM14_Init)
    MX_TIM2_Init                             0x08002ce9   Thumb Code   122  tim.o(i.MX_TIM2_Init)
    MX_UART4_Init                            0x08002d69   Thumb Code    48  usart.o(i.MX_UART4_Init)
    MX_USART1_UART_Init                      0x08002da1   Thumb Code    48  usart.o(i.MX_USART1_UART_Init)
    MX_USART6_UART_Init                      0x08002dd9   Thumb Code    48  usart.o(i.MX_USART6_UART_Init)
    MX_USB_DEVICE_Init                       0x08002e11   Thumb Code    66  usb_device.o(i.MX_USB_DEVICE_Init)
    MemManage_Handler                        0x08002e65   Thumb Code     2  stm32f4xx_it.o(i.MemManage_Handler)
    NMI_Handler                              0x08002e67   Thumb Code     2  stm32f4xx_it.o(i.NMI_Handler)
    OTG_FS_IRQHandler                        0x08002e69   Thumb Code     6  stm32f4xx_it.o(i.OTG_FS_IRQHandler)
    PID_Init                                 0x0800300b   Thumb Code    24  pid.o(i.PID_Init)
    PID_Reset                                0x08003025   Thumb Code    28  pid.o(i.PID_Reset)
    PID_SetParams                            0x08003045   Thumb Code    16  pid.o(i.PID_SetParams)
    PID_Update                               0x08003055   Thumb Code   190  pid.o(i.PID_Update)
    PendSV_Handler                           0x08003119   Thumb Code     2  stm32f4xx_it.o(i.PendSV_Handler)
    PlateTaskFsm_GetState                    0x08003291   Thumb Code     4  plate_task_fsm.o(i.PlateTaskFsm_GetState)
    PlateTaskFsm_HandleCommand               0x080032d9   Thumb Code   238  plate_task_fsm.o(i.PlateTaskFsm_HandleCommand)
    PlateTaskFsm_Init                        0x080033cd   Thumb Code   132  plate_task_fsm.o(i.PlateTaskFsm_Init)
    PlateTaskFsm_IsControlEnabled            0x08003455   Thumb Code    24  plate_task_fsm.o(i.PlateTaskFsm_IsControlEnabled)
    PlateTaskFsm_RequestLevelReset           0x08003509   Thumb Code    44  plate_task_fsm.o(i.PlateTaskFsm_RequestLevelReset)
    PlateTaskFsm_Update                      0x08003661   Thumb Code   450  plate_task_fsm.o(i.PlateTaskFsm_Update)
    SVC_Handler                              0x08003829   Thumb Code     2  stm32f4xx_it.o(i.SVC_Handler)
    SerialScreen_Device_ClearCommandQueue    0x08003835   Thumb Code     8  serial_screen_device.o(i.SerialScreen_Device_ClearCommandQueue)
    SerialScreen_Device_Init                 0x08003841   Thumb Code    40  serial_screen_device.o(i.SerialScreen_Device_Init)
    SerialScreen_Device_OnError              0x08003875   Thumb Code    22  serial_screen_device.o(i.SerialScreen_Device_OnError)
    SerialScreen_Device_OnRxComplete         0x08003891   Thumb Code    62  serial_screen_device.o(i.SerialScreen_Device_OnRxComplete)
    SerialScreen_Device_PopCommand           0x080038d9   Thumb Code    44  serial_screen_device.o(i.SerialScreen_Device_PopCommand)
    SerialScreen_Device_SendNumberValue      0x08003909   Thumb Code    64  serial_screen_device.o(i.SerialScreen_Device_SendNumberValue)
    Servo_Init                               0x08003969   Thumb Code    28  servo_device.o(i.Servo_Init)
    Servo_SetPulseUs                         0x08003991   Thumb Code    50  servo_device.o(i.Servo_SetPulseUs)
    SysTick_Handler                          0x080039c3   Thumb Code     4  stm32f4xx_it.o(i.SysTick_Handler)
    SystemClock_Config                       0x080039c9   Thumb Code   140  main.o(i.SystemClock_Config)
    SystemInit                               0x08003a5d   Thumb Code    12  system_stm32f4xx.o(i.SystemInit)
    SystemTime_Device_GetTickMs              0x08003a6d   Thumb Code     4  system_time_device.o(i.SystemTime_Device_GetTickMs)
    TIM1_TRG_COM_TIM11_IRQHandler            0x08003a71   Thumb Code     6  stm32f4xx_it.o(i.TIM1_TRG_COM_TIM11_IRQHandler)
    TIM_Base_SetConfig                       0x08003a7d   Thumb Code   164  stm32f4xx_hal_tim.o(i.TIM_Base_SetConfig)
    TIM_CCxChannelCmd                        0x08003b4d   Thumb Code    26  stm32f4xx_hal_tim.o(i.TIM_CCxChannelCmd)
    TIM_OC2_SetConfig                        0x08003bc9   Thumb Code    98  stm32f4xx_hal_tim.o(i.TIM_OC2_SetConfig)
    UART4_IRQHandler                         0x08003ced   Thumb Code     6  stm32f4xx_it.o(i.UART4_IRQHandler)
    UART_Start_Receive_IT                    0x08003f25   Thumb Code    54  stm32f4xx_hal_uart.o(i.UART_Start_Receive_IT)
    USART1_IRQHandler                        0x08003fcd   Thumb Code     6  stm32f4xx_it.o(i.USART1_IRQHandler)
    USART6_IRQHandler                        0x08003fd9   Thumb Code     6  stm32f4xx_it.o(i.USART6_IRQHandler)
    USBD_CDC_GetDeviceQualifierDescriptor    0x08004165   Thumb Code     8  usbd_cdc.o(i.USBD_CDC_GetDeviceQualifierDescriptor)
    USBD_CDC_ReceivePacket                   0x08004349   Thumb Code    50  usbd_cdc.o(i.USBD_CDC_ReceivePacket)
    USBD_CDC_RegisterInterface               0x08004381   Thumb Code    22  usbd_cdc.o(i.USBD_CDC_RegisterInterface)
    USBD_CDC_SetRxBuffer                     0x08004397   Thumb Code    26  usbd_cdc.o(i.USBD_CDC_SetRxBuffer)
    USBD_CDC_SetTxBuffer                     0x080043b1   Thumb Code    30  usbd_cdc.o(i.USBD_CDC_SetTxBuffer)
    USBD_ClrClassConfig                      0x080044a3   Thumb Code    20  usbd_core.o(i.USBD_ClrClassConfig)
    USBD_CoreFindEP                          0x080044b7   Thumb Code     4  usbd_core.o(i.USBD_CoreFindEP)
    USBD_CoreFindIF                          0x080044bb   Thumb Code     4  usbd_core.o(i.USBD_CoreFindIF)
    USBD_CtlContinueRx                       0x080044bf   Thumb Code    16  usbd_ioreq.o(i.USBD_CtlContinueRx)
    USBD_CtlContinueSendData                 0x080044cf   Thumb Code    16  usbd_ioreq.o(i.USBD_CtlContinueSendData)
    USBD_CtlError                            0x080044df   Thumb Code    22  usbd_ctlreq.o(i.USBD_CtlError)
    USBD_CtlPrepareRx                        0x080044f5   Thumb Code    34  usbd_ioreq.o(i.USBD_CtlPrepareRx)
    USBD_CtlReceiveStatus                    0x08004517   Thumb Code    22  usbd_ioreq.o(i.USBD_CtlReceiveStatus)
    USBD_CtlSendData                         0x0800452d   Thumb Code    28  usbd_ioreq.o(i.USBD_CtlSendData)
    USBD_CtlSendStatus                       0x08004549   Thumb Code    22  usbd_ioreq.o(i.USBD_CtlSendStatus)
    USBD_FS_ConfigStrDescriptor              0x08004561   Thumb Code    16  usbd_desc.o(i.USBD_FS_ConfigStrDescriptor)
    USBD_FS_DeviceDescriptor                 0x08004581   Thumb Code     8  usbd_desc.o(i.USBD_FS_DeviceDescriptor)
    USBD_FS_InterfaceStrDescriptor           0x0800458d   Thumb Code    16  usbd_desc.o(i.USBD_FS_InterfaceStrDescriptor)
    USBD_FS_LangIDStrDescriptor              0x080045b1   Thumb Code     8  usbd_desc.o(i.USBD_FS_LangIDStrDescriptor)
    USBD_FS_ManufacturerStrDescriptor        0x080045bd   Thumb Code    16  usbd_desc.o(i.USBD_FS_ManufacturerStrDescriptor)
    USBD_FS_ProductStrDescriptor             0x080045e5   Thumb Code    16  usbd_desc.o(i.USBD_FS_ProductStrDescriptor)
    USBD_FS_SerialStrDescriptor              0x08004611   Thumb Code    48  usbd_desc.o(i.USBD_FS_SerialStrDescriptor)
    USBD_GetEpDesc                           0x0800472f   Thumb Code    58  usbd_core.o(i.USBD_GetEpDesc)
    USBD_GetNextDesc                         0x0800477d   Thumb Code    14  usbd_core.o(i.USBD_GetNextDesc)
    USBD_GetString                           0x0800478b   Thumb Code    78  usbd_ctlreq.o(i.USBD_GetString)
    USBD_Get_USB_Status                      0x080047d9   Thumb Code    24  usbd_conf.o(i.USBD_Get_USB_Status)
    USBD_Init                                0x080047f1   Thumb Code    38  usbd_core.o(i.USBD_Init)
    USBD_LL_ClearStallEP                     0x08004817   Thumb Code    18  usbd_conf.o(i.USBD_LL_ClearStallEP)
    USBD_LL_CloseEP                          0x08004829   Thumb Code    18  usbd_conf.o(i.USBD_LL_CloseEP)
    USBD_LL_DataInStage                      0x0800483b   Thumb Code   184  usbd_core.o(i.USBD_LL_DataInStage)
    USBD_LL_DataOutStage                     0x080048f3   Thumb Code   148  usbd_core.o(i.USBD_LL_DataOutStage)
    USBD_LL_DevConnected                     0x08004987   Thumb Code     4  usbd_core.o(i.USBD_LL_DevConnected)
    USBD_LL_DevDisconnected                  0x0800498b   Thumb Code    30  usbd_core.o(i.USBD_LL_DevDisconnected)
    USBD_LL_GetRxDataSize                    0x080049a9   Thumb Code     8  usbd_conf.o(i.USBD_LL_GetRxDataSize)
    USBD_LL_Init                             0x080049b1   Thumb Code    90  usbd_conf.o(i.USBD_LL_Init)
    USBD_LL_IsStallEP                        0x08004a11   Thumb Code    30  usbd_conf.o(i.USBD_LL_IsStallEP)
    USBD_LL_IsoINIncomplete                  0x08004a2f   Thumb Code    40  usbd_core.o(i.USBD_LL_IsoINIncomplete)
    USBD_LL_IsoOUTIncomplete                 0x08004a57   Thumb Code    40  usbd_core.o(i.USBD_LL_IsoOUTIncomplete)
    USBD_LL_OpenEP                           0x08004a7f   Thumb Code    24  usbd_conf.o(i.USBD_LL_OpenEP)
    USBD_LL_PrepareReceive                   0x08004a97   Thumb Code    18  usbd_conf.o(i.USBD_LL_PrepareReceive)
    USBD_LL_Reset                            0x08004aa9   Thumb Code    94  usbd_core.o(i.USBD_LL_Reset)
    USBD_LL_Resume                           0x08004b07   Thumb Code    20  usbd_core.o(i.USBD_LL_Resume)
    USBD_LL_SOF                              0x08004b1b   Thumb Code    26  usbd_core.o(i.USBD_LL_SOF)
    USBD_LL_SetSpeed                         0x08004b35   Thumb Code     6  usbd_core.o(i.USBD_LL_SetSpeed)
    USBD_LL_SetUSBAddress                    0x08004b3b   Thumb Code    18  usbd_conf.o(i.USBD_LL_SetUSBAddress)
    USBD_LL_SetupStage                       0x08004b4d   Thumb Code    96  usbd_core.o(i.USBD_LL_SetupStage)
    USBD_LL_StallEP                          0x08004bad   Thumb Code    18  usbd_conf.o(i.USBD_LL_StallEP)
    USBD_LL_Start                            0x08004bbf   Thumb Code    18  usbd_conf.o(i.USBD_LL_Start)
    USBD_LL_Suspend                          0x08004bd1   Thumb Code    26  usbd_core.o(i.USBD_LL_Suspend)
    USBD_LL_Transmit                         0x08004beb   Thumb Code    18  usbd_conf.o(i.USBD_LL_Transmit)
    USBD_ParseSetupRequest                   0x08004bfd   Thumb Code    44  usbd_ctlreq.o(i.USBD_ParseSetupRequest)
    USBD_RegisterClass                       0x08004c29   Thumb Code    58  usbd_core.o(i.USBD_RegisterClass)
    USBD_SetClassConfig                      0x08004c63   Thumb Code    20  usbd_core.o(i.USBD_SetClassConfig)
    USBD_Start                               0x08004d31   Thumb Code     4  usbd_core.o(i.USBD_Start)
    USBD_StdDevReq                           0x08004d35   Thumb Code   300  usbd_ctlreq.o(i.USBD_StdDevReq)
    USBD_StdEPReq                            0x08004e61   Thumb Code   358  usbd_ctlreq.o(i.USBD_StdEPReq)
    USBD_StdItfReq                           0x08004fc7   Thumb Code   114  usbd_ctlreq.o(i.USBD_StdItfReq)
    USBD_static_free                         0x08005039   Thumb Code     2  usbd_conf.o(i.USBD_static_free)
    USBD_static_malloc                       0x0800503d   Thumb Code     4  usbd_conf.o(i.USBD_static_malloc)
    USB_ActivateEndpoint                     0x08005045   Thumb Code   122  stm32f4xx_ll_usb.o(i.USB_ActivateEndpoint)
    USB_ActivateSetup                        0x080050c5   Thumb Code    28  stm32f4xx_ll_usb.o(i.USB_ActivateSetup)
    USB_CoreInit                             0x080050e1   Thumb Code   126  stm32f4xx_ll_usb.o(i.USB_CoreInit)
    USB_DeactivateEndpoint                   0x080051a9   Thumb Code   194  stm32f4xx_ll_usb.o(i.USB_DeactivateEndpoint)
    USB_DevConnect                           0x08005275   Thumb Code    28  stm32f4xx_ll_usb.o(i.USB_DevConnect)
    USB_DevDisconnect                        0x08005291   Thumb Code    28  stm32f4xx_ll_usb.o(i.USB_DevDisconnect)
    USB_DevInit                              0x080052ad   Thumb Code   370  stm32f4xx_ll_usb.o(i.USB_DevInit)
    USB_DisableGlobalInt                     0x08005429   Thumb Code    12  stm32f4xx_ll_usb.o(i.USB_DisableGlobalInt)
    USB_EP0_OutStart                         0x08005435   Thumb Code    84  stm32f4xx_ll_usb.o(i.USB_EP0_OutStart)
    USB_EPClearStall                         0x0800548d   Thumb Code    88  stm32f4xx_ll_usb.o(i.USB_EPClearStall)
    USB_EPSetStall                           0x080054e5   Thumb Code    88  stm32f4xx_ll_usb.o(i.USB_EPSetStall)
    USB_EPStartXfer                          0x0800553d   Thumb Code   562  stm32f4xx_ll_usb.o(i.USB_EPStartXfer)
    USB_EPStopXfer                           0x08005775   Thumb Code   158  stm32f4xx_ll_usb.o(i.USB_EPStopXfer)
    USB_EnableGlobalInt                      0x08005813   Thumb Code    12  stm32f4xx_ll_usb.o(i.USB_EnableGlobalInt)
    USB_FlushRxFifo                          0x0800581f   Thumb Code    56  stm32f4xx_ll_usb.o(i.USB_FlushRxFifo)
    USB_FlushTxFifo                          0x08005857   Thumb Code    60  stm32f4xx_ll_usb.o(i.USB_FlushTxFifo)
    USB_GetDevSpeed                          0x08005893   Thumb Code    26  stm32f4xx_ll_usb.o(i.USB_GetDevSpeed)
    USB_GetMode                              0x080058ad   Thumb Code     8  stm32f4xx_ll_usb.o(i.USB_GetMode)
    USB_ReadDevAllInEpInterrupt              0x080058b5   Thumb Code    14  stm32f4xx_ll_usb.o(i.USB_ReadDevAllInEpInterrupt)
    USB_ReadDevAllOutEpInterrupt             0x080058c3   Thumb Code    14  stm32f4xx_ll_usb.o(i.USB_ReadDevAllOutEpInterrupt)
    USB_ReadDevInEPInterrupt                 0x080058d1   Thumb Code    36  stm32f4xx_ll_usb.o(i.USB_ReadDevInEPInterrupt)
    USB_ReadDevOutEPInterrupt                0x080058f5   Thumb Code    16  stm32f4xx_ll_usb.o(i.USB_ReadDevOutEPInterrupt)
    USB_ReadInterrupts                       0x08005905   Thumb Code     8  stm32f4xx_ll_usb.o(i.USB_ReadInterrupts)
    USB_ReadPacket                           0x0800590d   Thumb Code    62  stm32f4xx_ll_usb.o(i.USB_ReadPacket)
    USB_SetCurrentMode                       0x0800594b   Thumb Code    92  stm32f4xx_ll_usb.o(i.USB_SetCurrentMode)
    USB_SetDevAddress                        0x080059a7   Thumb Code    34  stm32f4xx_ll_usb.o(i.USB_SetDevAddress)
    USB_SetTurnaroundTime                    0x080059c9   Thumb Code   158  stm32f4xx_ll_usb.o(i.USB_SetTurnaroundTime)
    USB_WritePacket                          0x08005ab1   Thumb Code    40  stm32f4xx_ll_usb.o(i.USB_WritePacket)
    Uart_Device_ClearByteQueue               0x08005ad9   Thumb Code    34  uart_device.o(i.Uart_Device_ClearByteQueue)
    Uart_Device_GetTxStatus                  0x08005b01   Thumb Code    28  uart_device.o(i.Uart_Device_GetTxStatus)
    Uart_Device_Init                         0x08005b21   Thumb Code    28  uart_device.o(i.Uart_Device_Init)
    Uart_Device_PopByte                      0x08005b4d   Thumb Code    64  uart_device.o(i.Uart_Device_PopByte)
    Uart_Device_Send                         0x08005bd1   Thumb Code    36  uart_device.o(i.Uart_Device_Send)
    Uart_Device_SetTimeout                   0x08005bf9   Thumb Code    28  uart_device.o(i.Uart_Device_SetTimeout)
    Uart_Device_StartByteReceiveIT           0x08005c19   Thumb Code    30  uart_device.o(i.Uart_Device_StartByteReceiveIT)
    UsageFault_Handler                       0x08005c37   Thumb Code     2  stm32f4xx_it.o(i.UsageFault_Handler)
    VisionAxis_GetState                      0x08005c39   Thumb Code     8  vision_axis.o(i.VisionAxis_GetState)
    VisionAxis_Init                          0x08005c41   Thumb Code   188  vision_axis.o(i.VisionAxis_Init)
    VisionAxis_Reset                         0x08005d01   Thumb Code    64  vision_axis.o(i.VisionAxis_Reset)
    VisionAxis_Run                           0x08005d45   Thumb Code   106  vision_axis.o(i.VisionAxis_Run)
    VisionAxis_UpdateMeasurement             0x08005db1   Thumb Code   104  vision_axis.o(i.VisionAxis_UpdateMeasurement)
    VisionControl_GetState                   0x08005e81   Thumb Code     4  vision_control.o(i.VisionControl_GetState)
    VisionControl_Init                       0x08005e89   Thumb Code   134  vision_control.o(i.VisionControl_Init)
    VisionControl_OnControlTick              0x08005f95   Thumb Code    30  vision_control.o(i.VisionControl_OnControlTick)
    VisionControl_RequestLevelReset          0x08005fb9   Thumb Code    34  vision_control.o(i.VisionControl_RequestLevelReset)
    VisionControl_Task                       0x08006355   Thumb Code   114  vision_control.o(i.VisionControl_Task)
    VisionDebugUart_Init                     0x08006675   Thumb Code    34  vision_debug_uart.o(i.VisionDebugUart_Init)
    VisionDebugUart_Task                     0x080066c1   Thumb Code   224  vision_debug_uart.o(i.VisionDebugUart_Task)
    VisionFrameParser_Clear                  0x080067a9   Thumb Code    12  vision_frame.o(i.VisionFrameParser_Clear)
    VisionFrameParser_GetLatest              0x080067b5   Thumb Code     8  vision_frame.o(i.VisionFrameParser_GetLatest)
    VisionFrameParser_Init                   0x080067bd   Thumb Code    12  vision_frame.o(i.VisionFrameParser_Init)
    VisionFrameParser_PollInput              0x080067c9   Thumb Code    46  vision_frame.o(i.VisionFrameParser_PollInput)
    main                                     0x080068c7   Thumb Code    78  main.o(i.main)
    _fp_init                                 0x08006915   Thumb Code    10  fpinit.o(x$fpl$fpinit)
    __fplib_config_fpu_vfp                   0x0800691d   Thumb Code     0  fpinit.o(x$fpl$fpinit)
    __fplib_config_pureend_doubles           0x0800691d   Thumb Code     0  fpinit.o(x$fpl$fpinit)
    AHBPrescTable                            0x0800691e   Data          16  system_stm32f4xx.o(.constdata)
    APBPrescTable                            0x0800692e   Data           8  system_stm32f4xx.o(.constdata)
    Region$$Table$$Base                      0x08006a48   Number         0  anon$$obj.o(Region$$Table)
    Region$$Table$$Limit                     0x08006a68   Number         0  anon$$obj.o(Region$$Table)
    FS_Desc                                  0x20000000   Data          28  usbd_desc.o(.data)
    USBD_LangIDDesc                          0x2000001c   Data           4  usbd_desc.o(.data)
    USBD_FS_DeviceDesc                       0x20000020   Data          18  usbd_desc.o(.data)
    USBD_StringSerial                        0x20000034   Data          26  usbd_desc.o(.data)
    USBD_Interface_fops_FS                   0x20000050   Data          20  usbd_cdc_if.o(.data)
    uwTickFreq                               0x20000064   Data           1  stm32f4xx_hal.o(.data)
    uwTickPrio                               0x20000068   Data           4  stm32f4xx_hal.o(.data)
    uwTick                                   0x2000006c   Data           4  stm32f4xx_hal.o(.data)
    SystemCoreClock                          0x20000070   Data           4  system_stm32f4xx.o(.data)
    USBD_CDC                                 0x200000cc   Data          56  usbd_cdc.o(.data)
    htim2                                    0x20000204   Data          72  tim.o(.bss)
    htim11                                   0x2000024c   Data          72  tim.o(.bss)
    htim12                                   0x20000294   Data          72  tim.o(.bss)
    htim13                                   0x200002dc   Data          72  tim.o(.bss)
    htim14                                   0x20000324   Data          72  tim.o(.bss)
    huart4                                   0x2000036c   Data          72  usart.o(.bss)
    huart1                                   0x200003b4   Data          72  usart.o(.bss)
    huart6                                   0x200003fc   Data          72  usart.o(.bss)
    hUsbDeviceFS                             0x20000444   Data         732  usb_device.o(.bss)
    USBD_StrDesc                             0x20000720   Data         512  usbd_desc.o(.bss)
    UserRxBufferFS                           0x20000920   Data        2048  usbd_cdc_if.o(.bss)
    UserTxBufferFS                           0x20001120   Data        2048  usbd_cdc_if.o(.bss)
    hpcd_USB_OTG_FS                          0x20001b40   Data        1252  usbd_conf.o(.bss)
    __libspace_start                         0x200026ec   Data          96  libspace.o(.bss)
    __temporary_stack_top$libspace           0x2000274c   Data           0  libspace.o(.bss)



==============================================================================

Memory Map of the image

  Image Entry point : 0x08000189

  Load Region LR_IROM1 (Base: 0x08000000, Size: 0x00006c6c, Max: 0x00100000, ABSOLUTE, COMPRESSED[0x00006b9c])

    Execution Region ER_IROM1 (Exec base: 0x08000000, Load base: 0x08000000, Size: 0x00006a68, Max: 0x00100000, ABSOLUTE)

    Exec Addr    Load Addr    Size         Type   Attr      Idx    E Section Name        Object

    0x08000000   0x08000000   0x00000188   Data   RO            3    RESET               startup_stm32f407xx.o
    0x08000188   0x08000188   0x00000008   Code   RO         5645  * !!!main             c_w.l(__main.o)
    0x08000190   0x08000190   0x00000034   Code   RO         5850    !!!scatter          c_w.l(__scatter.o)
    0x080001c4   0x080001c4   0x0000005a   Code   RO         5848    !!dczerorl2         c_w.l(__dczerorl2.o)
    0x0800021e   0x0800021e   0x00000002   PAD
    0x08000220   0x08000220   0x0000001c   Code   RO         5852    !!handler_zi        c_w.l(__scatter_zi.o)
    0x0800023c   0x0800023c   0x00000000   Code   RO         5634    .ARM.Collect$$_printf_percent$$00000000  c_w.l(_printf_percent.o)
    0x0800023c   0x0800023c   0x00000006   Code   RO         5632    .ARM.Collect$$_printf_percent$$00000009  c_w.l(_printf_d.o)
    0x08000242   0x08000242   0x00000006   Code   RO         5633    .ARM.Collect$$_printf_percent$$0000000A  c_w.l(_printf_u.o)
    0x08000248   0x08000248   0x00000006   Code   RO         5631    .ARM.Collect$$_printf_percent$$00000014  c_w.l(_printf_s.o)
    0x0800024e   0x0800024e   0x00000004   Code   RO         5669    .ARM.Collect$$_printf_percent$$00000017  c_w.l(_printf_percent_end.o)
    0x08000252   0x08000252   0x00000002   Code   RO         5719    .ARM.Collect$$libinit$$00000000  c_w.l(libinit.o)
    0x08000254   0x08000254   0x00000004   Code   RO         5720    .ARM.Collect$$libinit$$00000001  c_w.l(libinit2.o)
    0x08000258   0x08000258   0x00000000   Code   RO         5723    .ARM.Collect$$libinit$$00000004  c_w.l(libinit2.o)
    0x08000258   0x08000258   0x00000000   Code   RO         5726    .ARM.Collect$$libinit$$0000000A  c_w.l(libinit2.o)
    0x08000258   0x08000258   0x00000000   Code   RO         5728    .ARM.Collect$$libinit$$0000000C  c_w.l(libinit2.o)
    0x08000258   0x08000258   0x00000000   Code   RO         5730    .ARM.Collect$$libinit$$0000000E  c_w.l(libinit2.o)
    0x08000258   0x08000258   0x00000000   Code   RO         5733    .ARM.Collect$$libinit$$00000011  c_w.l(libinit2.o)
    0x08000258   0x08000258   0x00000000   Code   RO         5735    .ARM.Collect$$libinit$$00000013  c_w.l(libinit2.o)
    0x08000258   0x08000258   0x00000000   Code   RO         5737    .ARM.Collect$$libinit$$00000015  c_w.l(libinit2.o)
    0x08000258   0x08000258   0x00000000   Code   RO         5739    .ARM.Collect$$libinit$$00000017  c_w.l(libinit2.o)
    0x08000258   0x08000258   0x00000000   Code   RO         5741    .ARM.Collect$$libinit$$00000019  c_w.l(libinit2.o)
    0x08000258   0x08000258   0x00000000   Code   RO         5743    .ARM.Collect$$libinit$$0000001B  c_w.l(libinit2.o)
    0x08000258   0x08000258   0x00000000   Code   RO         5745    .ARM.Collect$$libinit$$0000001D  c_w.l(libinit2.o)
    0x08000258   0x08000258   0x00000000   Code   RO         5747    .ARM.Collect$$libinit$$0000001F  c_w.l(libinit2.o)
    0x08000258   0x08000258   0x00000000   Code   RO         5749    .ARM.Collect$$libinit$$00000021  c_w.l(libinit2.o)
    0x08000258   0x08000258   0x00000000   Code   RO         5751    .ARM.Collect$$libinit$$00000023  c_w.l(libinit2.o)
    0x08000258   0x08000258   0x00000000   Code   RO         5753    .ARM.Collect$$libinit$$00000025  c_w.l(libinit2.o)
    0x08000258   0x08000258   0x00000000   Code   RO         5757    .ARM.Collect$$libinit$$0000002C  c_w.l(libinit2.o)
    0x08000258   0x08000258   0x00000000   Code   RO         5759    .ARM.Collect$$libinit$$0000002E  c_w.l(libinit2.o)
    0x08000258   0x08000258   0x00000000   Code   RO         5761    .ARM.Collect$$libinit$$00000030  c_w.l(libinit2.o)
    0x08000258   0x08000258   0x00000000   Code   RO         5763    .ARM.Collect$$libinit$$00000032  c_w.l(libinit2.o)
    0x08000258   0x08000258   0x00000002   Code   RO         5764    .ARM.Collect$$libinit$$00000033  c_w.l(libinit2.o)
    0x0800025a   0x0800025a   0x00000002   Code   RO         5811    .ARM.Collect$$libshutdown$$00000000  c_w.l(libshutdown.o)
    0x0800025c   0x0800025c   0x00000000   Code   RO         5829    .ARM.Collect$$libshutdown$$00000002  c_w.l(libshutdown2.o)
    0x0800025c   0x0800025c   0x00000000   Code   RO         5831    .ARM.Collect$$libshutdown$$00000004  c_w.l(libshutdown2.o)
    0x0800025c   0x0800025c   0x00000000   Code   RO         5833    .ARM.Collect$$libshutdown$$00000006  c_w.l(libshutdown2.o)
    0x0800025c   0x0800025c   0x00000000   Code   RO         5836    .ARM.Collect$$libshutdown$$00000009  c_w.l(libshutdown2.o)
    0x0800025c   0x0800025c   0x00000000   Code   RO         5839    .ARM.Collect$$libshutdown$$0000000C  c_w.l(libshutdown2.o)
    0x0800025c   0x0800025c   0x00000000   Code   RO         5841    .ARM.Collect$$libshutdown$$0000000E  c_w.l(libshutdown2.o)
    0x0800025c   0x0800025c   0x00000000   Code   RO         5844    .ARM.Collect$$libshutdown$$00000011  c_w.l(libshutdown2.o)
    0x0800025c   0x0800025c   0x00000002   Code   RO         5845    .ARM.Collect$$libshutdown$$00000012  c_w.l(libshutdown2.o)
    0x0800025e   0x0800025e   0x00000000   Code   RO         5647    .ARM.Collect$$rtentry$$00000000  c_w.l(__rtentry.o)
    0x0800025e   0x0800025e   0x00000000   Code   RO         5676    .ARM.Collect$$rtentry$$00000002  c_w.l(__rtentry2.o)
    0x0800025e   0x0800025e   0x00000006   Code   RO         5688    .ARM.Collect$$rtentry$$00000004  c_w.l(__rtentry4.o)
    0x08000264   0x08000264   0x00000000   Code   RO         5678    .ARM.Collect$$rtentry$$00000009  c_w.l(__rtentry2.o)
    0x08000264   0x08000264   0x00000004   Code   RO         5679    .ARM.Collect$$rtentry$$0000000A  c_w.l(__rtentry2.o)
    0x08000268   0x08000268   0x00000000   Code   RO         5681    .ARM.Collect$$rtentry$$0000000C  c_w.l(__rtentry2.o)
    0x08000268   0x08000268   0x00000008   Code   RO         5682    .ARM.Collect$$rtentry$$0000000D  c_w.l(__rtentry2.o)
    0x08000270   0x08000270   0x00000002   Code   RO         5765    .ARM.Collect$$rtexit$$00000000  c_w.l(rtexit.o)
    0x08000272   0x08000272   0x00000000   Code   RO         5780    .ARM.Collect$$rtexit$$00000002  c_w.l(rtexit2.o)
    0x08000272   0x08000272   0x00000004   Code   RO         5781    .ARM.Collect$$rtexit$$00000003  c_w.l(rtexit2.o)
    0x08000276   0x08000276   0x00000006   Code   RO         5782    .ARM.Collect$$rtexit$$00000004  c_w.l(rtexit2.o)
    0x0800027c   0x0800027c   0x00000040   Code   RO            4    .text               startup_stm32f407xx.o
    0x080002bc   0x080002bc   0x000000ee   Code   RO         5599    .text               c_w.l(lludivv7m.o)
    0x080003aa   0x080003aa   0x00000002   PAD
    0x080003ac   0x080003ac   0x00000038   Code   RO         5601    .text               c_w.l(__2snprintf.o)
    0x080003e4   0x080003e4   0x00000052   Code   RO         5607    .text               c_w.l(_printf_str.o)
    0x08000436   0x08000436   0x00000002   PAD
    0x08000438   0x08000438   0x00000078   Code   RO         5609    .text               c_w.l(_printf_dec.o)
    0x080004b0   0x080004b0   0x000000b8   Code   RO         5614    .text               c_w.l(__printf_ss.o)
    0x08000568   0x08000568   0x00000064   Code   RO         5637    .text               c_w.l(rt_memcpy_w.o)
    0x080005cc   0x080005cc   0x00000044   Code   RO         5639    .text               c_w.l(rt_memclr.o)
    0x08000610   0x08000610   0x0000004e   Code   RO         5641    .text               c_w.l(rt_memclr_w.o)
    0x0800065e   0x0800065e   0x00000006   Code   RO         5643    .text               c_w.l(heapauxi.o)
    0x08000664   0x08000664   0x000000b2   Code   RO         5659    .text               c_w.l(_printf_intcommon.o)
    0x08000716   0x08000716   0x00000002   PAD
    0x08000718   0x08000718   0x00000030   Code   RO         5661    .text               c_w.l(_printf_char_common.o)
    0x08000748   0x08000748   0x0000000a   Code   RO         5663    .text               c_w.l(_sputc.o)
    0x08000752   0x08000752   0x00000010   Code   RO         5665    .text               c_w.l(_snputc.o)
    0x08000762   0x08000762   0x0000002c   Code   RO         5667    .text               c_w.l(_printf_char.o)
    0x0800078e   0x0800078e   0x00000002   PAD
    0x08000790   0x08000790   0x00000008   Code   RO         5672    .text               c_w.l(libspace.o)
    0x08000798   0x08000798   0x0000004a   Code   RO         5704    .text               c_w.l(sys_stackheap_outer.o)
    0x080007e2   0x080007e2   0x00000012   Code   RO         5706    .text               c_w.l(exit.o)
    0x080007f4   0x080007f4   0x0000000c   Code   RO         5777    .text               c_w.l(sys_exit.o)
    0x08000800   0x08000800   0x00000002   Code   RO         5798    .text               c_w.l(use_no_semi.o)
    0x08000802   0x08000802   0x00000000   Code   RO         5800    .text               c_w.l(indicate_semi.o)
    0x08000802   0x08000802   0x0000008c   Code   RO         4513    i.BSP_PWM_Init      bsp_pwm.o
    0x0800088e   0x0800088e   0x0000003a   Code   RO         4514    i.BSP_PWM_Set       bsp_pwm.o
    0x080008c8   0x080008c8   0x00000024   Code   RO         4613    i.BSP_Servo_Init    bsp_servo.o
    0x080008ec   0x080008ec   0x0000000c   Code   RO         4614    i.BSP_Servo_IsValidTim  bsp_servo.o
    0x080008f8   0x080008f8   0x00000024   Code   RO         4615    i.BSP_Servo_SetCompare  bsp_servo.o
    0x0800091c   0x0800091c   0x00000016   Code   RO         4651    i.BSP_UART_CheckObject  bsp_uart.o
    0x08000932   0x08000932   0x00000032   Code   RO         4652    i.BSP_UART_EnsureInit  bsp_uart.o
    0x08000964   0x08000964   0x00000014   Code   RO         4653    i.BSP_UART_FromHALStatus  bsp_uart.o
    0x08000978   0x08000978   0x00000028   Code   RO         4655    i.BSP_UART_GetTxStatus  bsp_uart.o
    0x080009a0   0x080009a0   0x00000004   Code   RO         4656    i.BSP_UART_Init     bsp_uart.o
    0x080009a4   0x080009a4   0x00000034   Code   RO         4658    i.BSP_UART_Transmit  bsp_uart.o
    0x080009d8   0x080009d8   0x00000064   Code   RO         4551    i.BSP_USB_RxCallback  bsp_usb.o
    0x08000a3c   0x08000a3c   0x00000002   Code   RO          374    i.BusFault_Handler  stm32f4xx_it.o
    0x08000a3e   0x08000a3e   0x00000004   Code   RO          638    i.CDC_Control_FS    usbd_cdc_if.o
    0x08000a42   0x08000a42   0x00000004   Code   RO          639    i.CDC_DeInit_FS     usbd_cdc_if.o
    0x08000a46   0x08000a46   0x00000002   PAD
    0x08000a48   0x08000a48   0x00000024   Code   RO          640    i.CDC_Init_FS       usbd_cdc_if.o
    0x08000a6c   0x08000a6c   0x00000024   Code   RO          641    i.CDC_Receive_FS    usbd_cdc_if.o
    0x08000a90   0x08000a90   0x00000004   Code   RO          642    i.CDC_TransmitCplt_FS  usbd_cdc_if.o
    0x08000a94   0x08000a94   0x00000020   Code   RO         5009    i.ControlTick_Device_Init  control_tick_device.o
    0x08000ab4   0x08000ab4   0x00000002   Code   RO          375    i.DebugMon_Handler  stm32f4xx_it.o
    0x08000ab6   0x08000ab6   0x00000004   Code   RO           13    i.Error_Handler     main.o
    0x08000aba   0x08000aba   0x00000092   Code   RO         2048    i.HAL_DMA_Abort     stm32f4xx_hal_dma.o
    0x08000b4c   0x08000b4c   0x00000024   Code   RO         2049    i.HAL_DMA_Abort_IT  stm32f4xx_hal_dma.o
    0x08000b70   0x08000b70   0x00000024   Code   RO         2485    i.HAL_Delay         stm32f4xx_hal.o
    0x08000b94   0x08000b94   0x000001f0   Code   RO         1941    i.HAL_GPIO_Init     stm32f4xx_hal_gpio.o
    0x08000d84   0x08000d84   0x0000000c   Code   RO         2491    i.HAL_GetTick       stm32f4xx_hal.o
    0x08000d90   0x08000d90   0x00000010   Code   RO         2497    i.HAL_IncTick       stm32f4xx_hal.o
    0x08000da0   0x08000da0   0x00000034   Code   RO         2498    i.HAL_Init          stm32f4xx_hal.o
    0x08000dd4   0x08000dd4   0x00000040   Code   RO         2499    i.HAL_InitTick      stm32f4xx_hal.o
    0x08000e14   0x08000e14   0x00000030   Code   RO          480    i.HAL_MspInit       stm32f4xx_hal_msp.o
    0x08000e44   0x08000e44   0x0000001a   Code   RO         2333    i.HAL_NVIC_EnableIRQ  stm32f4xx_hal_cortex.o
    0x08000e5e   0x08000e5e   0x00000002   PAD
    0x08000e60   0x08000e60   0x00000040   Code   RO         2339    i.HAL_NVIC_SetPriority  stm32f4xx_hal_cortex.o
    0x08000ea0   0x08000ea0   0x00000024   Code   RO         2340    i.HAL_NVIC_SetPriorityGrouping  stm32f4xx_hal_cortex.o
    0x08000ec4   0x08000ec4   0x00000002   Code   RO         1240    i.HAL_PCDEx_LPM_Callback  stm32f4xx_hal_pcd_ex.o
    0x08000ec6   0x08000ec6   0x00000008   Code   RO         1241    i.HAL_PCDEx_SetRxFiFo  stm32f4xx_hal_pcd_ex.o
    0x08000ece   0x08000ece   0x00000044   Code   RO         1242    i.HAL_PCDEx_SetTxFiFo  stm32f4xx_hal_pcd_ex.o
    0x08000f12   0x08000f12   0x00000008   Code   RO          698    i.HAL_PCD_ConnectCallback  usbd_conf.o
    0x08000f1a   0x08000f1a   0x00000012   Code   RO          699    i.HAL_PCD_DataInStageCallback  usbd_conf.o
    0x08000f2c   0x08000f2c   0x00000014   Code   RO          700    i.HAL_PCD_DataOutStageCallback  usbd_conf.o
    0x08000f40   0x08000f40   0x00000008   Code   RO          701    i.HAL_PCD_DisconnectCallback  usbd_conf.o
    0x08000f48   0x08000f48   0x0000001e   Code   RO          914    i.HAL_PCD_EP_Abort  stm32f4xx_hal_pcd.o
    0x08000f66   0x08000f66   0x0000004a   Code   RO          915    i.HAL_PCD_EP_Close  stm32f4xx_hal_pcd.o
    0x08000fb0   0x08000fb0   0x0000005a   Code   RO          916    i.HAL_PCD_EP_ClrStall  stm32f4xx_hal_pcd.o
    0x0800100a   0x0800100a   0x00000012   Code   RO          918    i.HAL_PCD_EP_GetRxCount  stm32f4xx_hal_pcd.o
    0x0800101c   0x0800101c   0x00000062   Code   RO          919    i.HAL_PCD_EP_Open   stm32f4xx_hal_pcd.o
    0x0800107e   0x0800107e   0x00000038   Code   RO          920    i.HAL_PCD_EP_Receive  stm32f4xx_hal_pcd.o
    0x080010b6   0x080010b6   0x00000072   Code   RO          921    i.HAL_PCD_EP_SetStall  stm32f4xx_hal_pcd.o
    0x08001128   0x08001128   0x00000032   Code   RO          922    i.HAL_PCD_EP_Transmit  stm32f4xx_hal_pcd.o
    0x0800115a   0x0800115a   0x00000002   PAD
    0x0800115c   0x0800115c   0x0000055c   Code   RO          924    i.HAL_PCD_IRQHandler  stm32f4xx_hal_pcd.o
    0x080016b8   0x080016b8   0x00000008   Code   RO          702    i.HAL_PCD_ISOINIncompleteCallback  usbd_conf.o
    0x080016c0   0x080016c0   0x00000008   Code   RO          703    i.HAL_PCD_ISOOUTIncompleteCallback  usbd_conf.o
    0x080016c8   0x080016c8   0x000000cc   Code   RO          927    i.HAL_PCD_Init      stm32f4xx_hal_pcd.o
    0x08001794   0x08001794   0x00000084   Code   RO          705    i.HAL_PCD_MspInit   usbd_conf.o
    0x08001818   0x08001818   0x0000002c   Code   RO          706    i.HAL_PCD_ResetCallback  usbd_conf.o
    0x08001844   0x08001844   0x00000008   Code   RO          707    i.HAL_PCD_ResumeCallback  usbd_conf.o
    0x0800184c   0x0800184c   0x00000008   Code   RO          708    i.HAL_PCD_SOFCallback  usbd_conf.o
    0x08001854   0x08001854   0x00000026   Code   RO          933    i.HAL_PCD_SetAddress  stm32f4xx_hal_pcd.o
    0x0800187a   0x0800187a   0x0000000e   Code   RO          709    i.HAL_PCD_SetupStageCallback  usbd_conf.o
    0x08001888   0x08001888   0x00000042   Code   RO          936    i.HAL_PCD_Start     stm32f4xx_hal_pcd.o
    0x080018ca   0x080018ca   0x00000002   PAD
    0x080018cc   0x080018cc   0x00000030   Code   RO          710    i.HAL_PCD_SuspendCallback  usbd_conf.o
    0x080018fc   0x080018fc   0x00000134   Code   RO         1587    i.HAL_RCC_ClockConfig  stm32f4xx_hal_rcc.o
    0x08001a30   0x08001a30   0x0000000c   Code   RO         1592    i.HAL_RCC_GetHCLKFreq  stm32f4xx_hal_rcc.o
    0x08001a3c   0x08001a3c   0x00000020   Code   RO         1594    i.HAL_RCC_GetPCLK1Freq  stm32f4xx_hal_rcc.o
    0x08001a5c   0x08001a5c   0x00000020   Code   RO         1595    i.HAL_RCC_GetPCLK2Freq  stm32f4xx_hal_rcc.o
    0x08001a7c   0x08001a7c   0x00000060   Code   RO         1596    i.HAL_RCC_GetSysClockFreq  stm32f4xx_hal_rcc.o
    0x08001adc   0x08001adc   0x0000036c   Code   RO         1599    i.HAL_RCC_OscConfig  stm32f4xx_hal_rcc.o
    0x08001e48   0x08001e48   0x00000028   Code   RO         2344    i.HAL_SYSTICK_Config  stm32f4xx_hal_cortex.o
    0x08001e70   0x08001e70   0x00000002   Code   RO         3442    i.HAL_TIMEx_BreakCallback  stm32f4xx_hal_tim_ex.o
    0x08001e72   0x08001e72   0x00000002   Code   RO         3443    i.HAL_TIMEx_CommutCallback  stm32f4xx_hal_tim_ex.o
    0x08001e74   0x08001e74   0x00000090   Code   RO         3461    i.HAL_TIMEx_MasterConfigSynchronization  stm32f4xx_hal_tim_ex.o
    0x08001f04   0x08001f04   0x0000005a   Code   RO         2738    i.HAL_TIM_Base_Init  stm32f4xx_hal_tim.o
    0x08001f5e   0x08001f5e   0x00000002   PAD
    0x08001f60   0x08001f60   0x00000074   Code   RO          237    i.HAL_TIM_Base_MspInit  tim.o
    0x08001fd4   0x08001fd4   0x00000080   Code   RO         2743    i.HAL_TIM_Base_Start_IT  stm32f4xx_hal_tim.o
    0x08002054   0x08002054   0x00000022   Code   RO         2771    i.HAL_TIM_GetChannelState  stm32f4xx_hal_tim.o
    0x08002076   0x08002076   0x00000002   Code   RO         2772    i.HAL_TIM_IC_CaptureCallback  stm32f4xx_hal_tim.o
    0x08002078   0x08002078   0x00000130   Code   RO         2786    i.HAL_TIM_IRQHandler  stm32f4xx_hal_tim.o
    0x080021a8   0x080021a8   0x000000f4   Code   RO          238    i.HAL_TIM_MspPostInit  tim.o
    0x0800229c   0x0800229c   0x00000002   Code   RO         2789    i.HAL_TIM_OC_DelayElapsedCallback  stm32f4xx_hal_tim.o
    0x0800229e   0x0800229e   0x000000cc   Code   RO         2810    i.HAL_TIM_PWM_ConfigChannel  stm32f4xx_hal_tim.o
    0x0800236a   0x0800236a   0x00000006   Code   RO         2812    i.HAL_TIM_PWM_GetState  stm32f4xx_hal_tim.o
    0x08002370   0x08002370   0x0000005a   Code   RO         2813    i.HAL_TIM_PWM_Init  stm32f4xx_hal_tim.o
    0x080023ca   0x080023ca   0x00000002   PAD
    0x080023cc   0x080023cc   0x0000003c   Code   RO          240    i.HAL_TIM_PWM_MspInit  tim.o
    0x08002408   0x08002408   0x00000002   Code   RO         2816    i.HAL_TIM_PWM_PulseFinishedCallback  stm32f4xx_hal_tim.o
    0x0800240a   0x0800240a   0x00000002   PAD
    0x0800240c   0x0800240c   0x000000c8   Code   RO         2818    i.HAL_TIM_PWM_Start  stm32f4xx_hal_tim.o
    0x080024d4   0x080024d4   0x0000007c   Code   RO         2821    i.HAL_TIM_PWM_Stop  stm32f4xx_hal_tim.o
    0x08002550   0x08002550   0x00000020   Code   RO         5010    i.HAL_TIM_PeriodElapsedCallback  control_tick_device.o
    0x08002570   0x08002570   0x00000002   Code   RO         2829    i.HAL_TIM_TriggerCallback  stm32f4xx_hal_tim.o
    0x08002572   0x08002572   0x00000002   Code   RO         3721    i.HAL_UARTEx_RxEventCallback  stm32f4xx_hal_uart.o
    0x08002574   0x08002574   0x00000028   Code   RO         4803    i.HAL_UART_ErrorCallback  uart_device.o
    0x0800259c   0x0800259c   0x00000280   Code   RO         3738    i.HAL_UART_IRQHandler  stm32f4xx_hal_uart.o
    0x0800281c   0x0800281c   0x00000064   Code   RO         3739    i.HAL_UART_Init     stm32f4xx_hal_uart.o
    0x08002880   0x08002880   0x00000120   Code   RO          321    i.HAL_UART_MspInit  usart.o
    0x080029a0   0x080029a0   0x0000001c   Code   RO         3744    i.HAL_UART_Receive_IT  stm32f4xx_hal_uart.o
    0x080029bc   0x080029bc   0x00000080   Code   RO         4804    i.HAL_UART_RxCpltCallback  uart_device.o
    0x08002a3c   0x08002a3c   0x000000a0   Code   RO         3747    i.HAL_UART_Transmit  stm32f4xx_hal_uart.o
    0x08002adc   0x08002adc   0x00000002   Code   RO         3750    i.HAL_UART_TxCpltCallback  stm32f4xx_hal_uart.o
    0x08002ade   0x08002ade   0x00000002   Code   RO          376    i.HardFault_Handler  stm32f4xx_it.o
    0x08002ae0   0x08002ae0   0x00000038   Code   RO          552    i.IntToUnicode      usbd_desc.o
    0x08002b18   0x08002b18   0x0000005c   Code   RO          212    i.MX_GPIO_Init      gpio.o
    0x08002b74   0x08002b74   0x00000034   Code   RO          241    i.MX_TIM11_Init     tim.o
    0x08002ba8   0x08002ba8   0x00000070   Code   RO          242    i.MX_TIM12_Init     tim.o
    0x08002c18   0x08002c18   0x00000068   Code   RO          243    i.MX_TIM13_Init     tim.o
    0x08002c80   0x08002c80   0x00000068   Code   RO          244    i.MX_TIM14_Init     tim.o
    0x08002ce8   0x08002ce8   0x00000080   Code   RO          245    i.MX_TIM2_Init      tim.o
    0x08002d68   0x08002d68   0x00000038   Code   RO          322    i.MX_UART4_Init     usart.o
    0x08002da0   0x08002da0   0x00000038   Code   RO          323    i.MX_USART1_UART_Init  usart.o
    0x08002dd8   0x08002dd8   0x00000038   Code   RO          324    i.MX_USART6_UART_Init  usart.o
    0x08002e10   0x08002e10   0x00000054   Code   RO          504    i.MX_USB_DEVICE_Init  usb_device.o
    0x08002e64   0x08002e64   0x00000002   Code   RO          377    i.MemManage_Handler  stm32f4xx_it.o
    0x08002e66   0x08002e66   0x00000002   Code   RO          378    i.NMI_Handler       stm32f4xx_it.o
    0x08002e68   0x08002e68   0x0000000c   Code   RO          379    i.OTG_FS_IRQHandler  stm32f4xx_it.o
    0x08002e74   0x08002e74   0x000000cc   Code   RO          940    i.PCD_EP_OutXfrComplete_int  stm32f4xx_hal_pcd.o
    0x08002f40   0x08002f40   0x000000a2   Code   RO          941    i.PCD_WriteEmptyTxFifo  stm32f4xx_hal_pcd.o
    0x08002fe2   0x08002fe2   0x00000028   Code   RO         5112    i.PID_Clamp         pid.o
    0x0800300a   0x0800300a   0x00000018   Code   RO         5113    i.PID_Init          pid.o
    0x08003022   0x08003022   0x00000002   PAD
    0x08003024   0x08003024   0x00000020   Code   RO         5114    i.PID_Reset         pid.o
    0x08003044   0x08003044   0x00000010   Code   RO         5115    i.PID_SetParams     pid.o
    0x08003054   0x08003054   0x000000c4   Code   RO         5116    i.PID_Update        pid.o
    0x08003118   0x08003118   0x00000002   Code   RO          380    i.PendSV_Handler    stm32f4xx_it.o
    0x0800311a   0x0800311a   0x00000002   PAD
    0x0800311c   0x0800311c   0x000000e4   Code   RO         5343    i.PlateTaskFsm_ApplyInputSequence  plate_task_fsm.o
    0x08003200   0x08003200   0x0000001c   Code   RO         5344    i.PlateTaskFsm_ClearInputBuffer  plate_task_fsm.o
    0x0800321c   0x0800321c   0x0000002c   Code   RO         5345    i.PlateTaskFsm_ClearRunBuffer  plate_task_fsm.o
    0x08003248   0x08003248   0x00000048   Code   RO         5347    i.PlateTaskFsm_GetCurrentArriveRadiusPx  plate_task_fsm.o
    0x08003290   0x08003290   0x00000008   Code   RO         5348    i.PlateTaskFsm_GetState  plate_task_fsm.o
    0x08003298   0x08003298   0x00000040   Code   RO         5349    i.PlateTaskFsm_HandleAdvanced2StayComplete  plate_task_fsm.o
    0x080032d8   0x080032d8   0x000000f4   Code   RO         5350    i.PlateTaskFsm_HandleCommand  plate_task_fsm.o
    0x080033cc   0x080033cc   0x00000088   Code   RO         5351    i.PlateTaskFsm_Init  plate_task_fsm.o
    0x08003454   0x08003454   0x0000001c   Code   RO         5352    i.PlateTaskFsm_IsControlEnabled  plate_task_fsm.o
    0x08003470   0x08003470   0x00000038   Code   RO         5353    i.PlateTaskFsm_IsInsideRadius  plate_task_fsm.o
    0x080034a8   0x080034a8   0x00000024   Code   RO         5354    i.PlateTaskFsm_LoadActiveTargetFromCurrentId  plate_task_fsm.o
    0x080034cc   0x080034cc   0x0000003c   Code   RO         5355    i.PlateTaskFsm_MoveToNextPoint  plate_task_fsm.o
    0x08003508   0x08003508   0x00000030   Code   RO         5356    i.PlateTaskFsm_RequestLevelReset  plate_task_fsm.o
    0x08003538   0x08003538   0x0000001c   Code   RO         5357    i.PlateTaskFsm_SetLevelTarget  plate_task_fsm.o
    0x08003554   0x08003554   0x00000048   Code   RO         5358    i.PlateTaskFsm_StartSingleTargetTask  plate_task_fsm.o
    0x0800359c   0x0800359c   0x0000003c   Code   RO         5359    i.PlateTaskFsm_StartVisionRegionTask  plate_task_fsm.o
    0x080035d8   0x080035d8   0x00000040   Code   RO         5360    i.PlateTaskFsm_StartWaitInputTask  plate_task_fsm.o
    0x08003618   0x08003618   0x00000010   Code   RO         5361    i.PlateTaskFsm_TaskIdToMode  plate_task_fsm.o
    0x08003628   0x08003628   0x00000038   Code   RO         5362    i.PlateTaskFsm_ToggleAdvanced2Target  plate_task_fsm.o
    0x08003660   0x08003660   0x000001c8   Code   RO         5363    i.PlateTaskFsm_Update  plate_task_fsm.o
    0x08003828   0x08003828   0x00000002   Code   RO          381    i.SVC_Handler       stm32f4xx_it.o
    0x0800382a   0x0800382a   0x0000000a   Code   RO         4269    i.SWAPBYTE          usbd_ctlreq.o
    0x08003834   0x08003834   0x0000000c   Code   RO         5044    i.SerialScreen_Device_ClearCommandQueue  serial_screen_device.o
    0x08003840   0x08003840   0x00000034   Code   RO         5045    i.SerialScreen_Device_Init  serial_screen_device.o
    0x08003874   0x08003874   0x0000001c   Code   RO         5046    i.SerialScreen_Device_OnError  serial_screen_device.o
    0x08003890   0x08003890   0x00000048   Code   RO         5047    i.SerialScreen_Device_OnRxComplete  serial_screen_device.o
    0x080038d8   0x080038d8   0x00000030   Code   RO         5048    i.SerialScreen_Device_PopCommand  serial_screen_device.o
    0x08003908   0x08003908   0x0000004c   Code   RO         5050    i.SerialScreen_Device_SendNumberValue  serial_screen_device.o
    0x08003954   0x08003954   0x00000014   Code   RO         5051    i.SerialScreen_Device_StartReceiveIT  serial_screen_device.o
    0x08003968   0x08003968   0x0000001c   Code   RO         4771    i.Servo_Init        servo_device.o
    0x08003984   0x08003984   0x0000000c   Code   RO         4772    i.Servo_IsValidTim  servo_device.o
    0x08003990   0x08003990   0x00000032   Code   RO         4774    i.Servo_SetPulseUs  servo_device.o
    0x080039c2   0x080039c2   0x00000004   Code   RO          382    i.SysTick_Handler   stm32f4xx_it.o
    0x080039c6   0x080039c6   0x00000002   PAD
    0x080039c8   0x080039c8   0x00000094   Code   RO           14    i.SystemClock_Config  main.o
    0x08003a5c   0x08003a5c   0x00000010   Code   RO         4073    i.SystemInit        system_stm32f4xx.o
    0x08003a6c   0x08003a6c   0x00000004   Code   RO         4982    i.SystemTime_Device_GetTickMs  system_time_device.o
    0x08003a70   0x08003a70   0x0000000c   Code   RO          383    i.TIM1_TRG_COM_TIM11_IRQHandler  stm32f4xx_it.o
    0x08003a7c   0x08003a7c   0x000000d0   Code   RO         2831    i.TIM_Base_SetConfig  stm32f4xx_hal_tim.o
    0x08003b4c   0x08003b4c   0x0000001a   Code   RO         2832    i.TIM_CCxChannelCmd  stm32f4xx_hal_tim.o
    0x08003b66   0x08003b66   0x00000002   PAD
    0x08003b68   0x08003b68   0x00000060   Code   RO         2844    i.TIM_OC1_SetConfig  stm32f4xx_hal_tim.o
    0x08003bc8   0x08003bc8   0x0000006c   Code   RO         2845    i.TIM_OC2_SetConfig  stm32f4xx_hal_tim.o
    0x08003c34   0x08003c34   0x00000068   Code   RO         2846    i.TIM_OC3_SetConfig  stm32f4xx_hal_tim.o
    0x08003c9c   0x08003c9c   0x00000050   Code   RO         2847    i.TIM_OC4_SetConfig  stm32f4xx_hal_tim.o
    0x08003cec   0x08003cec   0x0000000c   Code   RO          384    i.UART4_IRQHandler  stm32f4xx_it.o
    0x08003cf8   0x08003cf8   0x0000000e   Code   RO         3752    i.UART_DMAAbortOnError  stm32f4xx_hal_uart.o
    0x08003d06   0x08003d06   0x0000004e   Code   RO         3762    i.UART_EndRxTransfer  stm32f4xx_hal_uart.o
    0x08003d54   0x08003d54   0x000000c2   Code   RO         3764    i.UART_Receive_IT   stm32f4xx_hal_uart.o
    0x08003e16   0x08003e16   0x00000002   PAD
    0x08003e18   0x08003e18   0x0000010c   Code   RO         3765    i.UART_SetConfig    stm32f4xx_hal_uart.o
    0x08003f24   0x08003f24   0x00000036   Code   RO         3767    i.UART_Start_Receive_IT  stm32f4xx_hal_uart.o
    0x08003f5a   0x08003f5a   0x00000072   Code   RO         3768    i.UART_WaitOnFlagUntilTimeout  stm32f4xx_hal_uart.o
    0x08003fcc   0x08003fcc   0x0000000c   Code   RO          385    i.USART1_IRQHandler  stm32f4xx_it.o
    0x08003fd8   0x08003fd8   0x0000000c   Code   RO          386    i.USART6_IRQHandler  stm32f4xx_it.o
    0x08003fe4   0x08003fe4   0x00000076   Code   RO         4407    i.USBD_CDC_DataIn   usbd_cdc.o
    0x0800405a   0x0800405a   0x0000003c   Code   RO         4408    i.USBD_CDC_DataOut  usbd_cdc.o
    0x08004096   0x08004096   0x00000002   PAD
    0x08004098   0x08004098   0x00000094   Code   RO         4409    i.USBD_CDC_DeInit   usbd_cdc.o
    0x0800412c   0x0800412c   0x00000036   Code   RO         4410    i.USBD_CDC_EP0_RxReady  usbd_cdc.o
    0x08004162   0x08004162   0x00000002   PAD
    0x08004164   0x08004164   0x0000000c   Code   RO         4411    i.USBD_CDC_GetDeviceQualifierDescriptor  usbd_cdc.o
    0x08004170   0x08004170   0x0000003c   Code   RO         4412    i.USBD_CDC_GetFSCfgDesc  usbd_cdc.o
    0x080041ac   0x080041ac   0x00000040   Code   RO         4413    i.USBD_CDC_GetHSCfgDesc  usbd_cdc.o
    0x080041ec   0x080041ec   0x0000003c   Code   RO         4414    i.USBD_CDC_GetOtherSpeedCfgDesc  usbd_cdc.o
    0x08004228   0x08004228   0x00000120   Code   RO         4415    i.USBD_CDC_Init     usbd_cdc.o
    0x08004348   0x08004348   0x00000038   Code   RO         4416    i.USBD_CDC_ReceivePacket  usbd_cdc.o
    0x08004380   0x08004380   0x00000016   Code   RO         4417    i.USBD_CDC_RegisterInterface  usbd_cdc.o
    0x08004396   0x08004396   0x0000001a   Code   RO         4418    i.USBD_CDC_SetRxBuffer  usbd_cdc.o
    0x080043b0   0x080043b0   0x0000001e   Code   RO         4419    i.USBD_CDC_SetTxBuffer  usbd_cdc.o
    0x080043ce   0x080043ce   0x000000d4   Code   RO         4420    i.USBD_CDC_Setup    usbd_cdc.o
    0x080044a2   0x080044a2   0x00000014   Code   RO         4110    i.USBD_ClrClassConfig  usbd_core.o
    0x080044b6   0x080044b6   0x00000004   Code   RO         4111    i.USBD_CoreFindEP   usbd_core.o
    0x080044ba   0x080044ba   0x00000004   Code   RO         4112    i.USBD_CoreFindIF   usbd_core.o
    0x080044be   0x080044be   0x00000010   Code   RO         4347    i.USBD_CtlContinueRx  usbd_ioreq.o
    0x080044ce   0x080044ce   0x00000010   Code   RO         4348    i.USBD_CtlContinueSendData  usbd_ioreq.o
    0x080044de   0x080044de   0x00000016   Code   RO         4270    i.USBD_CtlError     usbd_ctlreq.o
    0x080044f4   0x080044f4   0x00000022   Code   RO         4349    i.USBD_CtlPrepareRx  usbd_ioreq.o
    0x08004516   0x08004516   0x00000016   Code   RO         4350    i.USBD_CtlReceiveStatus  usbd_ioreq.o
    0x0800452c   0x0800452c   0x0000001c   Code   RO         4351    i.USBD_CtlSendData  usbd_ioreq.o
    0x08004548   0x08004548   0x00000016   Code   RO         4352    i.USBD_CtlSendStatus  usbd_ioreq.o
    0x0800455e   0x0800455e   0x00000002   PAD
    0x08004560   0x08004560   0x00000020   Code   RO          553    i.USBD_FS_ConfigStrDescriptor  usbd_desc.o
    0x08004580   0x08004580   0x0000000c   Code   RO          554    i.USBD_FS_DeviceDescriptor  usbd_desc.o
    0x0800458c   0x0800458c   0x00000024   Code   RO          555    i.USBD_FS_InterfaceStrDescriptor  usbd_desc.o
    0x080045b0   0x080045b0   0x0000000c   Code   RO          556    i.USBD_FS_LangIDStrDescriptor  usbd_desc.o
    0x080045bc   0x080045bc   0x00000028   Code   RO          557    i.USBD_FS_ManufacturerStrDescriptor  usbd_desc.o
    0x080045e4   0x080045e4   0x0000002c   Code   RO          558    i.USBD_FS_ProductStrDescriptor  usbd_desc.o
    0x08004610   0x08004610   0x00000038   Code   RO          559    i.USBD_FS_SerialStrDescriptor  usbd_desc.o
    0x08004648   0x08004648   0x000000e6   Code   RO         4271    i.USBD_GetDescriptor  usbd_ctlreq.o
    0x0800472e   0x0800472e   0x0000003a   Code   RO         4114    i.USBD_GetEpDesc    usbd_core.o
    0x08004768   0x08004768   0x00000014   Code   RO         4272    i.USBD_GetLen       usbd_ctlreq.o
    0x0800477c   0x0800477c   0x0000000e   Code   RO         4115    i.USBD_GetNextDesc  usbd_core.o
    0x0800478a   0x0800478a   0x0000004e   Code   RO         4273    i.USBD_GetString    usbd_ctlreq.o
    0x080047d8   0x080047d8   0x00000018   Code   RO          711    i.USBD_Get_USB_Status  usbd_conf.o
    0x080047f0   0x080047f0   0x00000026   Code   RO         4116    i.USBD_Init         usbd_core.o
    0x08004816   0x08004816   0x00000012   Code   RO          712    i.USBD_LL_ClearStallEP  usbd_conf.o
    0x08004828   0x08004828   0x00000012   Code   RO          713    i.USBD_LL_CloseEP   usbd_conf.o
    0x0800483a   0x0800483a   0x000000b8   Code   RO         4117    i.USBD_LL_DataInStage  usbd_core.o
    0x080048f2   0x080048f2   0x00000094   Code   RO         4118    i.USBD_LL_DataOutStage  usbd_core.o
    0x08004986   0x08004986   0x00000004   Code   RO         4119    i.USBD_LL_DevConnected  usbd_core.o
    0x0800498a   0x0800498a   0x0000001e   Code   RO         4120    i.USBD_LL_DevDisconnected  usbd_core.o
    0x080049a8   0x080049a8   0x00000008   Code   RO          717    i.USBD_LL_GetRxDataSize  usbd_conf.o
    0x080049b0   0x080049b0   0x00000060   Code   RO          718    i.USBD_LL_Init      usbd_conf.o
    0x08004a10   0x08004a10   0x0000001e   Code   RO          719    i.USBD_LL_IsStallEP  usbd_conf.o
    0x08004a2e   0x08004a2e   0x00000028   Code   RO         4121    i.USBD_LL_IsoINIncomplete  usbd_core.o
    0x08004a56   0x08004a56   0x00000028   Code   RO         4122    i.USBD_LL_IsoOUTIncomplete  usbd_core.o
    0x08004a7e   0x08004a7e   0x00000018   Code   RO          720    i.USBD_LL_OpenEP    usbd_conf.o
    0x08004a96   0x08004a96   0x00000012   Code   RO          721    i.USBD_LL_PrepareReceive  usbd_conf.o
    0x08004aa8   0x08004aa8   0x0000005e   Code   RO         4123    i.USBD_LL_Reset     usbd_core.o
    0x08004b06   0x08004b06   0x00000014   Code   RO         4124    i.USBD_LL_Resume    usbd_core.o
    0x08004b1a   0x08004b1a   0x0000001a   Code   RO         4125    i.USBD_LL_SOF       usbd_core.o
    0x08004b34   0x08004b34   0x00000006   Code   RO         4126    i.USBD_LL_SetSpeed  usbd_core.o
    0x08004b3a   0x08004b3a   0x00000012   Code   RO          722    i.USBD_LL_SetUSBAddress  usbd_conf.o
    0x08004b4c   0x08004b4c   0x00000060   Code   RO         4127    i.USBD_LL_SetupStage  usbd_core.o
    0x08004bac   0x08004bac   0x00000012   Code   RO          723    i.USBD_LL_StallEP   usbd_conf.o
    0x08004bbe   0x08004bbe   0x00000012   Code   RO          724    i.USBD_LL_Start     usbd_conf.o
    0x08004bd0   0x08004bd0   0x0000001a   Code   RO         4128    i.USBD_LL_Suspend   usbd_core.o
    0x08004bea   0x08004bea   0x00000012   Code   RO          726    i.USBD_LL_Transmit  usbd_conf.o
    0x08004bfc   0x08004bfc   0x0000002c   Code   RO         4274    i.USBD_ParseSetupRequest  usbd_ctlreq.o
    0x08004c28   0x08004c28   0x0000003a   Code   RO         4129    i.USBD_RegisterClass  usbd_core.o
    0x08004c62   0x08004c62   0x00000014   Code   RO         4131    i.USBD_SetClassConfig  usbd_core.o
    0x08004c76   0x08004c76   0x00000002   PAD
    0x08004c78   0x08004c78   0x000000b8   Code   RO         4275    i.USBD_SetConfig    usbd_ctlreq.o
    0x08004d30   0x08004d30   0x00000004   Code   RO         4132    i.USBD_Start        usbd_core.o
    0x08004d34   0x08004d34   0x0000012c   Code   RO         4276    i.USBD_StdDevReq    usbd_ctlreq.o
    0x08004e60   0x08004e60   0x00000166   Code   RO         4277    i.USBD_StdEPReq     usbd_ctlreq.o
    0x08004fc6   0x08004fc6   0x00000072   Code   RO         4278    i.USBD_StdItfReq    usbd_ctlreq.o
    0x08005038   0x08005038   0x00000002   Code   RO          727    i.USBD_static_free  usbd_conf.o
    0x0800503a   0x0800503a   0x00000002   PAD
    0x0800503c   0x0800503c   0x00000008   Code   RO          728    i.USBD_static_malloc  usbd_conf.o
    0x08005044   0x08005044   0x00000080   Code   RO         1282    i.USB_ActivateEndpoint  stm32f4xx_ll_usb.o
    0x080050c4   0x080050c4   0x0000001c   Code   RO         1284    i.USB_ActivateSetup  stm32f4xx_ll_usb.o
    0x080050e0   0x080050e0   0x00000084   Code   RO         1286    i.USB_CoreInit      stm32f4xx_ll_usb.o
    0x08005164   0x08005164   0x00000044   Code   RO         1287    i.USB_CoreReset     stm32f4xx_ll_usb.o
    0x080051a8   0x080051a8   0x000000cc   Code   RO         1290    i.USB_DeactivateEndpoint  stm32f4xx_ll_usb.o
    0x08005274   0x08005274   0x0000001c   Code   RO         1291    i.USB_DevConnect    stm32f4xx_ll_usb.o
    0x08005290   0x08005290   0x0000001c   Code   RO         1292    i.USB_DevDisconnect  stm32f4xx_ll_usb.o
    0x080052ac   0x080052ac   0x0000017c   Code   RO         1293    i.USB_DevInit       stm32f4xx_ll_usb.o
    0x08005428   0x08005428   0x0000000c   Code   RO         1294    i.USB_DisableGlobalInt  stm32f4xx_ll_usb.o
    0x08005434   0x08005434   0x00000058   Code   RO         1297    i.USB_EP0_OutStart  stm32f4xx_ll_usb.o
    0x0800548c   0x0800548c   0x00000058   Code   RO         1298    i.USB_EPClearStall  stm32f4xx_ll_usb.o
    0x080054e4   0x080054e4   0x00000058   Code   RO         1299    i.USB_EPSetStall    stm32f4xx_ll_usb.o
    0x0800553c   0x0800553c   0x00000238   Code   RO         1300    i.USB_EPStartXfer   stm32f4xx_ll_usb.o
    0x08005774   0x08005774   0x0000009e   Code   RO         1301    i.USB_EPStopXfer    stm32f4xx_ll_usb.o
    0x08005812   0x08005812   0x0000000c   Code   RO         1302    i.USB_EnableGlobalInt  stm32f4xx_ll_usb.o
    0x0800581e   0x0800581e   0x00000038   Code   RO         1303    i.USB_FlushRxFifo   stm32f4xx_ll_usb.o
    0x08005856   0x08005856   0x0000003c   Code   RO         1304    i.USB_FlushTxFifo   stm32f4xx_ll_usb.o
    0x08005892   0x08005892   0x0000001a   Code   RO         1306    i.USB_GetDevSpeed   stm32f4xx_ll_usb.o
    0x080058ac   0x080058ac   0x00000008   Code   RO         1308    i.USB_GetMode       stm32f4xx_ll_usb.o
    0x080058b4   0x080058b4   0x0000000e   Code   RO         1316    i.USB_ReadDevAllInEpInterrupt  stm32f4xx_ll_usb.o
    0x080058c2   0x080058c2   0x0000000e   Code   RO         1317    i.USB_ReadDevAllOutEpInterrupt  stm32f4xx_ll_usb.o
    0x080058d0   0x080058d0   0x00000024   Code   RO         1318    i.USB_ReadDevInEPInterrupt  stm32f4xx_ll_usb.o
    0x080058f4   0x080058f4   0x00000010   Code   RO         1319    i.USB_ReadDevOutEPInterrupt  stm32f4xx_ll_usb.o
    0x08005904   0x08005904   0x00000008   Code   RO         1320    i.USB_ReadInterrupts  stm32f4xx_ll_usb.o
    0x0800590c   0x0800590c   0x0000003e   Code   RO         1321    i.USB_ReadPacket    stm32f4xx_ll_usb.o
    0x0800594a   0x0800594a   0x0000005c   Code   RO         1323    i.USB_SetCurrentMode  stm32f4xx_ll_usb.o
    0x080059a6   0x080059a6   0x00000022   Code   RO         1324    i.USB_SetDevAddress  stm32f4xx_ll_usb.o
    0x080059c8   0x080059c8   0x000000e8   Code   RO         1326    i.USB_SetTurnaroundTime  stm32f4xx_ll_usb.o
    0x08005ab0   0x08005ab0   0x00000028   Code   RO         1329    i.USB_WritePacket   stm32f4xx_ll_usb.o
    0x08005ad8   0x08005ad8   0x00000028   Code   RO         4805    i.Uart_Device_ClearByteQueue  uart_device.o
    0x08005b00   0x08005b00   0x00000020   Code   RO         4807    i.Uart_Device_GetTxStatus  uart_device.o
    0x08005b20   0x08005b20   0x00000020   Code   RO         4808    i.Uart_Device_Init  uart_device.o
    0x08005b40   0x08005b40   0x0000000c   Code   RO         4809    i.Uart_Device_IsValidPort  uart_device.o
    0x08005b4c   0x08005b4c   0x00000044   Code   RO         4810    i.Uart_Device_PopByte  uart_device.o
    0x08005b90   0x08005b90   0x00000040   Code   RO         4812    i.Uart_Device_RestartReceiveIT  uart_device.o
    0x08005bd0   0x08005bd0   0x00000028   Code   RO         4813    i.Uart_Device_Send  uart_device.o
    0x08005bf8   0x08005bf8   0x00000020   Code   RO         4815    i.Uart_Device_SetTimeout  uart_device.o
    0x08005c18   0x08005c18   0x0000001e   Code   RO         4816    i.Uart_Device_StartByteReceiveIT  uart_device.o
    0x08005c36   0x08005c36   0x00000002   Code   RO          387    i.UsageFault_Handler  stm32f4xx_it.o
    0x08005c38   0x08005c38   0x00000008   Code   RO         5302    i.VisionAxis_GetState  vision_axis.o
    0x08005c40   0x08005c40   0x000000c0   Code   RO         5303    i.VisionAxis_Init   vision_axis.o
    0x08005d00   0x08005d00   0x00000044   Code   RO         5304    i.VisionAxis_Reset  vision_axis.o
    0x08005d44   0x08005d44   0x0000006a   Code   RO         5305    i.VisionAxis_Run    vision_axis.o
    0x08005dae   0x08005dae   0x00000002   PAD
    0x08005db0   0x08005db0   0x0000006c   Code   RO         5306    i.VisionAxis_UpdateMeasurement  vision_axis.o
    0x08005e1c   0x08005e1c   0x00000054   Code   RO         5307    i.VisionAxis_WriteServo  vision_axis.o
    0x08005e70   0x08005e70   0x00000010   Code   RO         5146    i.VisionControl_Abs  vision_control.o
    0x08005e80   0x08005e80   0x00000008   Code   RO         5148    i.VisionControl_GetState  vision_control.o
    0x08005e88   0x08005e88   0x00000094   Code   RO         5149    i.VisionControl_Init  vision_control.o
    0x08005f1c   0x08005f1c   0x00000078   Code   RO         5150    i.VisionControl_IsPidParamsEqual  vision_control.o
    0x08005f94   0x08005f94   0x00000024   Code   RO         5151    i.VisionControl_OnControlTick  vision_control.o
    0x08005fb8   0x08005fb8   0x00000022   Code   RO         5152    i.VisionControl_RequestLevelReset  vision_control.o
    0x08005fda   0x08005fda   0x00000002   PAD
    0x08005fdc   0x08005fdc   0x0000002c   Code   RO         5153    i.VisionControl_ResetAdvanced4TimeDisplay  vision_control.o
    0x08006008   0x08006008   0x00000028   Code   RO         5154    i.VisionControl_ResetOutput  vision_control.o
    0x08006030   0x08006030   0x0000002c   Code   RO         5155    i.VisionControl_ResetVisionInput  vision_control.o
    0x0800605c   0x0800605c   0x000002bc   Code   RO         5156    i.VisionControl_RunFixedTick  vision_control.o
    0x08006318   0x08006318   0x0000003c   Code   RO         5158    i.VisionControl_SyncAxisState  vision_control.o
    0x08006354   0x08006354   0x00000078   Code   RO         5159    i.VisionControl_Task  vision_control.o
    0x080063cc   0x080063cc   0x000000b0   Code   RO         5160    i.VisionControl_UpdateAdvanced4TimeDisplay  vision_control.o
    0x0800647c   0x0800647c   0x0000006c   Code   RO         5161    i.VisionControl_UpdateAxisOutputLimit  vision_control.o
    0x080064e8   0x080064e8   0x000000b4   Code   RO         5162    i.VisionControl_UpdateAxisPidProfile  vision_control.o
    0x0800659c   0x0800659c   0x000000b8   Code   RO         5163    i.VisionControl_UpdateFrameMeasurement  vision_control.o
    0x08006654   0x08006654   0x00000020   Code   RO         5164    i.VisionControl_UpdateScreenTargetPoint  vision_control.o
    0x08006674   0x08006674   0x00000028   Code   RO         5504    i.VisionDebugUart_Init  vision_debug_uart.o
    0x0800669c   0x0800669c   0x00000022   Code   RO         5505    i.VisionDebugUart_RoundToLong  vision_debug_uart.o
    0x080066be   0x080066be   0x00000002   PAD
    0x080066c0   0x080066c0   0x000000e8   Code   RO         5506    i.VisionDebugUart_Task  vision_debug_uart.o
    0x080067a8   0x080067a8   0x0000000c   Code   RO         5257    i.VisionFrameParser_Clear  vision_frame.o
    0x080067b4   0x080067b4   0x00000008   Code   RO         5258    i.VisionFrameParser_GetLatest  vision_frame.o
    0x080067bc   0x080067bc   0x0000000c   Code   RO         5259    i.VisionFrameParser_Init  vision_frame.o
    0x080067c8   0x080067c8   0x0000002e   Code   RO         5260    i.VisionFrameParser_PollInput  vision_frame.o
    0x080067f6   0x080067f6   0x0000009a   Code   RO         5261    i.VisionFrame_PushByte  vision_frame.o
    0x08006890   0x08006890   0x0000000a   Code   RO         5262    i.VisionFrame_ReadBe16  vision_frame.o
    0x0800689a   0x0800689a   0x0000000c   Code   RO         5263    i.VisionFrame_ResetParserState  vision_frame.o
    0x080068a6   0x080068a6   0x00000020   Code   RO         2346    i.__NVIC_SetPriority  stm32f4xx_hal_cortex.o
    0x080068c6   0x080068c6   0x0000004e   Code   RO           15    i.main              main.o
    0x08006914   0x08006914   0x0000000a   Code   RO         5775    x$fpl$fpinit        fz_wm.l(fpinit.o)
    0x0800691e   0x0800691e   0x00000010   Data   RO         4074    .constdata          system_stm32f4xx.o
    0x0800692e   0x0800692e   0x00000008   Data   RO         4075    .constdata          system_stm32f4xx.o
    0x08006936   0x08006936   0x00000002   PAD
    0x08006938   0x08006938   0x00000048   Data   RO         4616    .constdata          bsp_servo.o
    0x08006980   0x08006980   0x00000018   Data   RO         4818    .constdata          uart_device.o
    0x08006998   0x08006998   0x000000ad   Data   RO         5508    .conststring        vision_debug_uart.o
    0x08006a45   0x08006a45   0x00000003   PAD
    0x08006a48   0x08006a48   0x00000020   Data   RO         5846    Region$$Table       anon$$obj.o


    Execution Region RW_IRAM1 (Exec base: 0x20000000, Load base: 0x08006a68, Size: 0x00002d50, Max: 0x0001c000, ABSOLUTE, COMPRESSED[0x00000134])

    Exec Addr    Load Addr    Size         Type   Attr      Idx    E Section Name        Object

    0x20000000   COMPRESSED   0x0000001c   Data   RW          561    .data               usbd_desc.o
    0x2000001c   COMPRESSED   0x00000032   Data   RW          562    .data               usbd_desc.o
    0x2000004e   COMPRESSED   0x00000002   PAD
    0x20000050   COMPRESSED   0x00000014   Data   RW          645    .data               usbd_cdc_if.o
    0x20000064   COMPRESSED   0x0000000c   Data   RW         2505    .data               stm32f4xx_hal.o
    0x20000070   COMPRESSED   0x00000004   Data   RW         4076    .data               system_stm32f4xx.o
    0x20000074   COMPRESSED   0x00000001   Data   RW         4279    .data               usbd_ctlreq.o
    0x20000075   COMPRESSED   0x00000003   PAD
    0x20000078   COMPRESSED   0x00000053   Data   RW         4422    .data               usbd_cdc.o
    0x200000cb   COMPRESSED   0x00000001   PAD
    0x200000cc   COMPRESSED   0x00000038   Data   RW         4423    .data               usbd_cdc.o
    0x20000104   COMPRESSED   0x00000008   Data   RW         4554    .data               bsp_usb.o
    0x2000010c   COMPRESSED   0x00000030   Data   RW         4617    .data               bsp_servo.o
    0x2000013c   COMPRESSED   0x00000018   Data   RW         4819    .data               uart_device.o
    0x20000154   COMPRESSED   0x00000004   Data   RW         5011    .data               control_tick_device.o
    0x20000158   COMPRESSED   0x00000001   Data   RW         5053    .data               serial_screen_device.o
    0x20000159   COMPRESSED   0x00000003   PAD
    0x2000015c   COMPRESSED   0x00000098   Data   RW         5166    .data               vision_control.o
    0x200001f4   COMPRESSED   0x00000010   Data   RW         5509    .data               vision_debug_uart.o
    0x20000204        -       0x00000168   Zero   RW          246    .bss                tim.o
    0x2000036c        -       0x000000d8   Zero   RW          325    .bss                usart.o
    0x20000444        -       0x000002dc   Zero   RW          505    .bss                usb_device.o
    0x20000720        -       0x00000200   Zero   RW          560    .bss                usbd_desc.o
    0x20000920        -       0x00001000   Zero   RW          644    .bss                usbd_cdc_if.o
    0x20001920        -       0x00000704   Zero   RW          729    .bss                usbd_conf.o
    0x20002024        -       0x00000200   Zero   RW         4553    .bss                bsp_usb.o
    0x20002224        -       0x00000198   Zero   RW         4817    .bss                uart_device.o
    0x200023bc        -       0x00000023   Zero   RW         5052    .bss                serial_screen_device.o
    0x200023df   COMPRESSED   0x00000001   PAD
    0x200023e0        -       0x00000290   Zero   RW         5165    .bss                vision_control.o
    0x20002670        -       0x0000007c   Zero   RW         5364    .bss                plate_task_fsm.o
    0x200026ec        -       0x00000060   Zero   RW         5673    .bss                c_w.l(libspace.o)
    0x2000274c   COMPRESSED   0x00000004   PAD
    0x20002750        -       0x00000200   Zero   RW            2    HEAP                startup_stm32f407xx.o
    0x20002950        -       0x00000400   Zero   RW            1    STACK               startup_stm32f407xx.o


    Execution Region RW_IRAM2 (Exec base: 0x2001c000, Load base: 0x08006b9c, Size: 0x00000000, Max: 0x00004000, ABSOLUTE)

    **** No section assigned to this execution region ****


==============================================================================

Image component sizes


      Code (inc. data)   RO Data    RW Data    ZI Data      Debug   Object Name

       198          0          0          0          0       2257   bsp_pwm.o
        84          8         72         48          0       2596   bsp_servo.o
       188          0          0          0          0       4687   bsp_uart.o
       100         10          0          8        512       7332   bsp_usb.o
        64         18          0          4          0       2246   control_tick_device.o
        92          6          0          0          0        967   gpio.o
       230          8          0          0          0     711968   main.o
       308         10          0          0          0       3878   pid.o
      1804        104          0          0        124      15132   plate_task_fsm.o
       308         58          0          1         35       5615   serial_screen_device.o
        90          0          0          0          0       2372   servo_device.o
        64         26        392          0       1536        876   startup_stm32f407xx.o
       180         28          0         12          0       9657   stm32f4xx_hal.o
       198         14          0          0          0      34007   stm32f4xx_hal_cortex.o
       182          0          0          0          0       2195   stm32f4xx_hal_dma.o
       496         46          0          0          0       1596   stm32f4xx_hal_gpio.o
        48          6          0          0          0        922   stm32f4xx_hal_msp.o
      2576         12          0          0          0     709236   stm32f4xx_hal_pcd.o
        78          0          0          0          0       2521   stm32f4xx_hal_pcd_ex.o
      1356         78          0          0          0       5956   stm32f4xx_hal_rcc.o
      1810        146          0          0          0      15896   stm32f4xx_hal_tim.o
       148         28          0          0          0       2609   stm32f4xx_hal_tim_ex.o
      1654         14          0          0          0      11295   stm32f4xx_hal_uart.o
        80         30          0          0          0       6961   stm32f4xx_it.o
      2708        116          0          0          0      24200   stm32f4xx_ll_usb.o
        16          4         24          4          0       1223   system_stm32f4xx.o
         4          0          0          0          0        562   system_time_device.o
       920         98          0          0        360       6082   tim.o
       518         56         24         24        408       9248   uart_device.o
       456         50          0          0        216       3330   usart.o
        84         18          0          0        732       2715   usb_device.o
      1210         34          0        139          0      14123   usbd_cdc.o
        84         16          0         20       4096       3518   usbd_cdc_if.o
       642         24          0          0       1796      17684   usbd_conf.o
       934          0          0          0          0      16059   usbd_core.o
      1360         28          0          1          0      15712   usbd_ctlreq.o
       288        104          0         78        512       6489   usbd_desc.o
       138          0          0          0          0       4748   usbd_ioreq.o
       566         16          0          0          0       5235   vision_axis.o
      2050        192          0        152        656      16611   vision_control.o
       306         14        173         16          0       3314   vision_debug_uart.o
       254          0          0          0          0       5359   vision_frame.o

    ----------------------------------------------------------------------
     24914       1420        722        516      10984    1718989   Object Totals
         0          0         32          0          0          0   (incl. Generated)
        40          0          5          9          1          0   (incl. Padding)

    ----------------------------------------------------------------------

      Code (inc. data)   RO Data    RW Data    ZI Data      Debug   Library Member Name

        56          6          0          0          0         88   __2snprintf.o
        90          0          0          0          0          0   __dczerorl2.o
         8          0          0          0          0         68   __main.o
       184          0          0          0          0         84   __printf_ss.o
         0          0          0          0          0          0   __rtentry.o
        12          0          0          0          0          0   __rtentry2.o
         6          0          0          0          0          0   __rtentry4.o
        52          8          0          0          0          0   __scatter.o
        28          0          0          0          0          0   __scatter_zi.o
        44          0          0          0          0        108   _printf_char.o
        48          6          0          0          0         96   _printf_char_common.o
         6          0          0          0          0          0   _printf_d.o
       120         16          0          0          0         92   _printf_dec.o
       178          0          0          0          0         88   _printf_intcommon.o
         0          0          0          0          0          0   _printf_percent.o
         4          0          0          0          0          0   _printf_percent_end.o
         6          0          0          0          0          0   _printf_s.o
        82          0          0          0          0         80   _printf_str.o
         6          0          0          0          0          0   _printf_u.o
        16          0          0          0          0         68   _snputc.o
        10          0          0          0          0         68   _sputc.o
        18          0          0          0          0         80   exit.o
         6          0          0          0          0        152   heapauxi.o
         0          0          0          0          0          0   indicate_semi.o
         2          0          0          0          0          0   libinit.o
         6          0          0          0          0          0   libinit2.o
         2          0          0          0          0          0   libshutdown.o
         2          0          0          0          0          0   libshutdown2.o
         8          4          0          0         96         68   libspace.o
       238          0          0          0          0        100   lludivv7m.o
        68          0          0          0          0         68   rt_memclr.o
        78          0          0          0          0         80   rt_memclr_w.o
       100          0          0          0          0         80   rt_memcpy_w.o
         2          0          0          0          0          0   rtexit.o
        10          0          0          0          0          0   rtexit2.o
        12          4          0          0          0         68   sys_exit.o
        74          0          0          0          0         80   sys_stackheap_outer.o
         2          0          0          0          0         68   use_no_semi.o
        10          0          0          0          0        116   fpinit.o

    ----------------------------------------------------------------------
      1604         44          0          0        100       1800   Library Totals
        10          0          0          0          4          0   (incl. Padding)

    ----------------------------------------------------------------------

      Code (inc. data)   RO Data    RW Data    ZI Data      Debug   Library Name

      1584         44          0          0         96       1684   c_w.l
        10          0          0          0          0        116   fz_wm.l

    ----------------------------------------------------------------------
      1604         44          0          0        100       1800   Library Totals

    ----------------------------------------------------------------------

==============================================================================


      Code (inc. data)   RO Data    RW Data    ZI Data      Debug   

     26518       1464        722        516      11084    1689357   Grand Totals
     26518       1464        722        308      11084    1689357   ELF Image Totals (compressed)
     26518       1464        722        308          0          0   ROM Totals

==============================================================================

    Total RO  Size (Code + RO Data)                27240 (  26.60kB)
    Total RW  Size (RW Data + ZI Data)             11600 (  11.33kB)
    Total ROM Size (Code + RO Data + RW Data)      27548 (  26.90kB)

==============================================================================

